Archive member included to satisfy reference by file (symbol)

/home/alexandre/st/stm32cubeide_1.3.0/plugins/com.st.stm32cube.ide.mcu.externaltools.gnu-tools-for-stm32.7-2018-q2-update.linux64_1.0.0.201904181610/tools/bin/../lib/gcc/arm-none-eabi/7.3.1/../../../../arm-none-eabi/lib/thumb/v7e-m/fpv4-sp/hard/libc_nano.a(lib_a-errno.o)
                              Src/syscalls.o (__errno)
/home/alexandre/st/stm32cubeide_1.3.0/plugins/com.st.stm32cube.ide.mcu.externaltools.gnu-tools-for-stm32.7-2018-q2-update.linux64_1.0.0.201904181610/tools/bin/../lib/gcc/arm-none-eabi/7.3.1/../../../../arm-none-eabi/lib/thumb/v7e-m/fpv4-sp/hard/libc_nano.a(lib_a-exit.o)
                              /home/alexandre/st/stm32cubeide_1.3.0/plugins/com.st.stm32cube.ide.mcu.externaltools.gnu-tools-for-stm32.7-2018-q2-update.linux64_1.0.0.201904181610/tools/bin/../lib/gcc/arm-none-eabi/7.3.1/../../../../arm-none-eabi/lib/thumb/v7e-m/fpv4-sp/hard/crt0.o (exit)
/home/alexandre/st/stm32cubeide_1.3.0/plugins/com.st.stm32cube.ide.mcu.externaltools.gnu-tools-for-stm32.7-2018-q2-update.linux64_1.0.0.201904181610/tools/bin/../lib/gcc/arm-none-eabi/7.3.1/../../../../arm-none-eabi/lib/thumb/v7e-m/fpv4-sp/hard/libc_nano.a(lib_a-impure.o)
                              /home/alexandre/st/stm32cubeide_1.3.0/plugins/com.st.stm32cube.ide.mcu.externaltools.gnu-tools-for-stm32.7-2018-q2-update.linux64_1.0.0.201904181610/tools/bin/../lib/gcc/arm-none-eabi/7.3.1/../../../../arm-none-eabi/lib/thumb/v7e-m/fpv4-sp/hard/libc_nano.a(lib_a-exit.o) (_global_impure_ptr)
/home/alexandre/st/stm32cubeide_1.3.0/plugins/com.st.stm32cube.ide.mcu.externaltools.gnu-tools-for-stm32.7-2018-q2-update.linux64_1.0.0.201904181610/tools/bin/../lib/gcc/arm-none-eabi/7.3.1/../../../../arm-none-eabi/lib/thumb/v7e-m/fpv4-sp/hard/libc_nano.a(lib_a-init.o)
                              /home/alexandre/st/stm32cubeide_1.3.0/plugins/com.st.stm32cube.ide.mcu.externaltools.gnu-tools-for-stm32.7-2018-q2-update.linux64_1.0.0.201904181610/tools/bin/../lib/gcc/arm-none-eabi/7.3.1/../../../../arm-none-eabi/lib/thumb/v7e-m/fpv4-sp/hard/crt0.o (__libc_init_array)
/home/alexandre/st/stm32cubeide_1.3.0/plugins/com.st.stm32cube.ide.mcu.externaltools.gnu-tools-for-stm32.7-2018-q2-update.linux64_1.0.0.201904181610/tools/bin/../lib/gcc/arm-none-eabi/7.3.1/../../../../arm-none-eabi/lib/thumb/v7e-m/fpv4-sp/hard/libc_nano.a(lib_a-memset.o)
                              /home/alexandre/st/stm32cubeide_1.3.0/plugins/com.st.stm32cube.ide.mcu.externaltools.gnu-tools-for-stm32.7-2018-q2-update.linux64_1.0.0.201904181610/tools/bin/../lib/gcc/arm-none-eabi/7.3.1/../../../../arm-none-eabi/lib/thumb/v7e-m/fpv4-sp/hard/crt0.o (memset)
/home/alexandre/st/stm32cubeide_1.3.0/plugins/com.st.stm32cube.ide.mcu.externaltools.gnu-tools-for-stm32.7-2018-q2-update.linux64_1.0.0.201904181610/tools/bin/../lib/gcc/arm-none-eabi/7.3.1/../../../../arm-none-eabi/lib/thumb/v7e-m/fpv4-sp/hard/libc_nano.a(lib_a-strlen.o)
                              Src/main.o (strlen)

Allocating common symbols
Common symbol       size              file

hUsbDeviceFS        0x2c4             Src/usb_device.o
uwTick              0x4               Drivers/STM32F3xx_HAL_Driver/Src/stm32f3xx_hal.o
pFlash              0x20              Drivers/STM32F3xx_HAL_Driver/Src/stm32f3xx_hal_flash.o
UserRxBufferFS      0x3e8             Src/usbd_cdc_if.o
UserTxBufferFS      0x3e8             Src/usbd_cdc_if.o
buffer              0x7               Src/usbd_cdc_if.o
huart2              0x80              Src/main.o
hpcd_USB_FS         0x26c             Src/usbd_conf.o
USBD_StrDesc        0x200             Src/usbd_desc.o

Discarded input sections

 .text          0x0000000000000000        0x0 /home/alexandre/st/stm32cubeide_1.3.0/plugins/com.st.stm32cube.ide.mcu.externaltools.gnu-tools-for-stm32.7-2018-q2-update.linux64_1.0.0.201904181610/tools/bin/../lib/gcc/arm-none-eabi/7.3.1/thumb/v7e-m/fpv4-sp/hard/crti.o
 .data          0x0000000000000000        0x0 /home/alexandre/st/stm32cubeide_1.3.0/plugins/com.st.stm32cube.ide.mcu.externaltools.gnu-tools-for-stm32.7-2018-q2-update.linux64_1.0.0.201904181610/tools/bin/../lib/gcc/arm-none-eabi/7.3.1/thumb/v7e-m/fpv4-sp/hard/crti.o
 .bss           0x0000000000000000        0x0 /home/alexandre/st/stm32cubeide_1.3.0/plugins/com.st.stm32cube.ide.mcu.externaltools.gnu-tools-for-stm32.7-2018-q2-update.linux64_1.0.0.201904181610/tools/bin/../lib/gcc/arm-none-eabi/7.3.1/thumb/v7e-m/fpv4-sp/hard/crti.o
 .data          0x0000000000000000        0x4 /home/alexandre/st/stm32cubeide_1.3.0/plugins/com.st.stm32cube.ide.mcu.externaltools.gnu-tools-for-stm32.7-2018-q2-update.linux64_1.0.0.201904181610/tools/bin/../lib/gcc/arm-none-eabi/7.3.1/thumb/v7e-m/fpv4-sp/hard/crtbegin.o
[...]
Memory Configuration

Name             Origin             Length             Attributes
RAM              0x0000000020000000 0x0000000000004000 xrw
FLASH            0x0000000008000000 0x0000000000010000 xr
*default*        0x0000000000000000 0xffffffffffffffff

Linker script and memory map

LOAD /home/alexandre/st/stm32cubeide_1.3.0/plugins/com.st.stm32cube.ide.mcu.externaltools.gnu-tools-for-stm32.7-2018-q2-update.linux64_1.0.0.201904181610/tools/bin/../lib/gcc/arm-none-eabi/7.3.1/thumb/v7e-m/fpv4-sp/hard/crti.o
LOAD /home/alexandre/st/stm32cubeide_1.3.0/plugins/com.st.stm32cube.ide.mcu.externaltools.gnu-tools-for-stm32.7-2018-q2-update.linux64_1.0.0.201904181610/tools/bin/../lib/gcc/arm-none-eabi/7.3.1/thumb/v7e-m/fpv4-sp/hard/crtbegin.o
LOAD /home/alexandre/st/stm32cubeide_1.3.0/plugins/com.st.stm32cube.ide.mcu.externaltools.gnu-tools-for-stm32.7-2018-q2-update.linux64_1.0.0.201904181610/tools/bin/../lib/gcc/arm-none-eabi/7.3.1/../../../../arm-none-eabi/lib/thumb/v7e-m/fpv4-sp/hard/crt0.o
LOAD Drivers/STM32F3xx_HAL_Driver/Src/stm32f3xx_hal.o
LOAD Drivers/STM32F3xx_HAL_Driver/Src/stm32f3xx_hal_cortex.o
LOAD Drivers/STM32F3xx_HAL_Driver/Src/stm32f3xx_hal_dma.o
LOAD Drivers/STM32F3xx_HAL_Driver/Src/stm32f3xx_hal_exti.o
LOAD Drivers/STM32F3xx_HAL_Driver/Src/stm32f3xx_hal_flash.o
LOAD Drivers/STM32F3xx_HAL_Driver/Src/stm32f3xx_hal_flash_ex.o
LOAD Drivers/STM32F3xx_HAL_Driver/Src/stm32f3xx_hal_gpio.o
LOAD Drivers/STM32F3xx_HAL_Driver/Src/stm32f3xx_hal_i2c.o
LOAD Drivers/STM32F3xx_HAL_Driver/Src/stm32f3xx_hal_i2c_ex.o
LOAD Drivers/STM32F3xx_HAL_Driver/Src/stm32f3xx_hal_pcd.o
LOAD Drivers/STM32F3xx_HAL_Driver/Src/stm32f3xx_hal_pcd_ex.o
LOAD Drivers/STM32F3xx_HAL_Driver/Src/stm32f3xx_hal_pwr.o
LOAD Drivers/STM32F3xx_HAL_Driver/Src/stm32f3xx_hal_pwr_ex.o
LOAD Drivers/STM32F3xx_HAL_Driver/Src/stm32f3xx_hal_rcc.o
LOAD Drivers/STM32F3xx_HAL_Driver/Src/stm32f3xx_hal_rcc_ex.o
LOAD Drivers/STM32F3xx_HAL_Driver/Src/stm32f3xx_hal_tim.o
LOAD Drivers/STM32F3xx_HAL_Driver/Src/stm32f3xx_hal_tim_ex.o
LOAD Drivers/STM32F3xx_HAL_Driver/Src/stm32f3xx_hal_uart.o
LOAD Drivers/STM32F3xx_HAL_Driver/Src/stm32f3xx_hal_uart_ex.o
LOAD Drivers/STM32F3xx_HAL_Driver/Src/stm32f3xx_ll_usb.o
LOAD Middlewares/ST/STM32_USB_Device_Library/Class/CDC/Src/usbd_cdc.o
LOAD Middlewares/ST/STM32_USB_Device_Library/Core/Src/usbd_core.o
LOAD Middlewares/ST/STM32_USB_Device_Library/Core/Src/usbd_ctlreq.o
LOAD Middlewares/ST/STM32_USB_Device_Library/Core/Src/usbd_ioreq.o
LOAD Src/main.o
LOAD Src/stm32f3xx_hal_msp.o
LOAD Src/stm32f3xx_it.o
LOAD Src/syscalls.o
LOAD Src/sysmem.o
LOAD Src/system_stm32f3xx.o
LOAD Src/usb_device.o
LOAD Src/usbd_cdc_if.o
LOAD Src/usbd_conf.o
LOAD Src/usbd_desc.o
LOAD Startup/startup_stm32f302r8tx.o
START GROUP
LOAD /home/alexandre/st/stm32cubeide_1.3.0/plugins/com.st.stm32cube.ide.mcu.externaltools.gnu-tools-for-stm32.7-2018-q2-update.linux64_1.0.0.201904181610/tools/bin/../lib/gcc/arm-none-eabi/7.3.1/../../../../arm-none-eabi/lib/thumb/v7e-m/fpv4-sp/hard/libc_nano.a
LOAD /home/alexandre/st/stm32cubeide_1.3.0/plugins/com.st.stm32cube.ide.mcu.externaltools.gnu-tools-for-stm32.7-2018-q2-update.linux64_1.0.0.201904181610/tools/bin/../lib/gcc/arm-none-eabi/7.3.1/../../../../arm-none-eabi/lib/thumb/v7e-m/fpv4-sp/hard/libm.a
END GROUP
START GROUP
LOAD /home/alexandre/st/stm32cubeide_1.3.0/plugins/com.st.stm32cube.ide.mcu.externaltools.gnu-tools-for-stm32.7-2018-q2-update.linux64_1.0.0.201904181610/tools/bin/../lib/gcc/arm-none-eabi/7.3.1/thumb/v7e-m/fpv4-sp/hard/libgcc.a
LOAD /home/alexandre/st/stm32cubeide_1.3.0/plugins/com.st.stm32cube.ide.mcu.externaltools.gnu-tools-for-stm32.7-2018-q2-update.linux64_1.0.0.201904181610/tools/bin/../lib/gcc/arm-none-eabi/7.3.1/../../../../arm-none-eabi/lib/thumb/v7e-m/fpv4-sp/hard/libc_nano.a
END GROUP
START GROUP
LOAD /home/alexandre/st/stm32cubeide_1.3.0/plugins/com.st.stm32cube.ide.mcu.externaltools.gnu-tools-for-stm32.7-2018-q2-update.linux64_1.0.0.201904181610/tools/bin/../lib/gcc/arm-none-eabi/7.3.1/thumb/v7e-m/fpv4-sp/hard/libgcc.a
LOAD /home/alexandre/st/stm32cubeide_1.3.0/plugins/com.st.stm32cube.ide.mcu.externaltools.gnu-tools-for-stm32.7-2018-q2-update.linux64_1.0.0.201904181610/tools/bin/../lib/gcc/arm-none-eabi/7.3.1/../../../../arm-none-eabi/lib/thumb/v7e-m/fpv4-sp/hard/libc_nano.a
LOAD /home/alexandre/st/stm32cubeide_1.3.0/plugins/com.st.stm32cube.ide.mcu.externaltools.gnu-tools-for-stm32.7-2018-q2-update.linux64_1.0.0.201904181610/tools/bin/../lib/gcc/arm-none-eabi/7.3.1/../../../../arm-none-eabi/lib/thumb/v7e-m/fpv4-sp/hard/libnosys.a
END GROUP
START GROUP
LOAD /home/alexandre/st/stm32cubeide_1.3.0/plugins/com.st.stm32cube.ide.mcu.externaltools.gnu-tools-for-stm32.7-2018-q2-update.linux64_1.0.0.201904181610/tools/bin/../lib/gcc/arm-none-eabi/7.3.1/thumb/v7e-m/fpv4-sp/hard/libgcc.a
LOAD /home/alexandre/st/stm32cubeide_1.3.0/plugins/com.st.stm32cube.ide.mcu.externaltools.gnu-tools-for-stm32.7-2018-q2-update.linux64_1.0.0.201904181610/tools/bin/../lib/gcc/arm-none-eabi/7.3.1/../../../../arm-none-eabi/lib/thumb/v7e-m/fpv4-sp/hard/libc_nano.a
LOAD /home/alexandre/st/stm32cubeide_1.3.0/plugins/com.st.stm32cube.ide.mcu.externaltools.gnu-tools-for-stm32.7-2018-q2-update.linux64_1.0.0.201904181610/tools/bin/../lib/gcc/arm-none-eabi/7.3.1/../../../../arm-none-eabi/lib/thumb/v7e-m/fpv4-sp/hard/libnosys.a
END GROUP
LOAD /home/alexandre/st/stm32cubeide_1.3.0/plugins/com.st.stm32cube.ide.mcu.externaltools.gnu-tools-for-stm32.7-2018-q2-update.linux64_1.0.0.201904181610/tools/bin/../lib/gcc/arm-none-eabi/7.3.1/thumb/v7e-m/fpv4-sp/hard/crtend.o
LOAD /home/alexandre/st/stm32cubeide_1.3.0/plugins/com.st.stm32cube.ide.mcu.externaltools.gnu-tools-for-stm32.7-2018-q2-update.linux64_1.0.0.201904181610/tools/bin/../lib/gcc/arm-none-eabi/7.3.1/thumb/v7e-m/fpv4-sp/hard/crtn.o
                0x0000000020004000                _estack = (ORIGIN (RAM) + LENGTH (RAM))
                0x0000000000000800                _Min_Heap_Size = 0x800
                0x0000000000000400                _Min_Stack_Size = 0x400

.isr_vector     0x0000000008000000      0x188
                0x0000000008000000                . = ALIGN (0x4)
 *(.isr_vector)
 .isr_vector    0x0000000008000000      0x188 Startup/startup_stm32f302r8tx.o
                0x0000000008000000                g_pfnVectors
                0x0000000008000188                . = ALIGN (0x4)

.text           0x0000000008000188     0x6834
                0x0000000008000188                . = ALIGN (0x4)
 *(.text)
 .text          0x0000000008000188       0x40 /home/alexandre/st/stm32cubeide_1.3.0/plugins/com.st.stm32cube.ide.mcu.externaltools.gnu-tools-for-stm32.7-2018-q2-update.linux64_1.0.0.201904181610/tools/bin/../lib/gcc/arm-none-eabi/7.3.1/thumb/v7e-m/fpv4-sp/hard/crtbegin.o
 .text          0x00000000080001c8       0x10 /home/alexandre/st/stm32cubeide_1.3.0/plugins/com.st.stm32cube.ide.mcu.externaltools.gnu-tools-for-stm32.7-2018-q2-update.linux64_1.0.0.201904181610/tools/bin/../lib/gcc/arm-none-eabi/7.3.1/../../../../arm-none-eabi/lib/thumb/v7e-m/fpv4-sp/hard/libc_nano.a(lib_a-strlen.o)
                0x00000000080001c8                strlen
 *(.text*)
 .text.HAL_Init
                0x00000000080001d8       0x2c Drivers/STM32F3xx_HAL_Driver/Src/stm32f3xx_hal.o
                0x00000000080001d8                HAL_Init
 .text.HAL_InitTick
                0x0000000008000204       0x60 Drivers/STM32F3xx_HAL_Driver/Src/stm32f3xx_hal.o
                0x0000000008000204                HAL_InitTick
 .text.HAL_IncTick
                0x0000000008000264       0x28 Drivers/STM32F3xx_HAL_Driver/Src/stm32f3xx_hal.o
                0x0000000008000264                HAL_IncTick
 .text.HAL_GetTick
                0x000000000800028c       0x18 Drivers/STM32F3xx_HAL_Driver/Src/stm32f3xx_hal.o
                0x000000000800028c                HAL_GetTick
 .text.__NVIC_SetPriorityGrouping
                0x00000000080002a4       0x48 Drivers/STM32F3xx_HAL_Driver/Src/stm32f3xx_hal_cortex.o
 .text.__NVIC_GetPriorityGrouping
                0x00000000080002ec       0x1c Drivers/STM32F3xx_HAL_Driver/Src/stm32f3xx_hal_cortex.o
 .text.__NVIC_EnableIRQ
                0x0000000008000308       0x3c Drivers/STM32F3xx_HAL_Driver/Src/stm32f3xx_hal_cortex.o
 .text.__NVIC_SetPriority
                0x0000000008000344       0x54 Drivers/STM32F3xx_HAL_Driver/Src/stm32f3xx_hal_cortex.o
 .text.NVIC_EncodePriority
                0x0000000008000398       0x66 Drivers/STM32F3xx_HAL_Driver/Src/stm32f3xx_hal_cortex.o
 *fill*         0x00000000080003fe        0x2 
 .text.SysTick_Config
                0x0000000008000400       0x44 Drivers/STM32F3xx_HAL_Driver/Src/stm32f3xx_hal_cortex.o
 .text.HAL_NVIC_SetPriorityGrouping
                0x0000000008000444       0x16 Drivers/STM32F3xx_HAL_Driver/Src/stm32f3xx_hal_cortex.o
                0x0000000008000444                HAL_NVIC_SetPriorityGrouping
 .text.HAL_NVIC_SetPriority
                0x000000000800045a       0x38 Drivers/STM32F3xx_HAL_Driver/Src/stm32f3xx_hal_cortex.o
                0x000000000800045a                HAL_NVIC_SetPriority
 .text.HAL_NVIC_EnableIRQ
                0x0000000008000492       0x1c Drivers/STM32F3xx_HAL_Driver/Src/stm32f3xx_hal_cortex.o
                0x0000000008000492                HAL_NVIC_EnableIRQ
 .text.HAL_SYSTICK_Config
                0x00000000080004ae       0x18 Drivers/STM32F3xx_HAL_Driver/Src/stm32f3xx_hal_cortex.o
                0x00000000080004ae                HAL_SYSTICK_Config
 *fill*         0x00000000080004c6        0x2 
 .text.HAL_GPIO_Init
                0x00000000080004c8      0x2e4 Drivers/STM32F3xx_HAL_Driver/Src/stm32f3xx_hal_gpio.o
                0x00000000080004c8                HAL_GPIO_Init
 .text.HAL_GPIO_WritePin
                0x00000000080007ac       0x30 Drivers/STM32F3xx_HAL_Driver/Src/stm32f3xx_hal_gpio.o
                0x00000000080007ac                HAL_GPIO_WritePin
 .text.HAL_PCD_Init
                0x00000000080007dc      0x168 Drivers/STM32F3xx_HAL_Driver/Src/stm32f3xx_hal_pcd.o
                0x00000000080007dc                HAL_PCD_Init
 .text.HAL_PCD_Start
                0x0000000008000944       0x4c Drivers/STM32F3xx_HAL_Driver/Src/stm32f3xx_hal_pcd.o
                0x0000000008000944                HAL_PCD_Start
 .text.HAL_PCD_IRQHandler
                0x0000000008000990      0x204 Drivers/STM32F3xx_HAL_Driver/Src/stm32f3xx_hal_pcd.o
                0x0000000008000990                HAL_PCD_IRQHandler
 .text.HAL_PCD_SetAddress
                0x0000000008000b94       0x4a Drivers/STM32F3xx_HAL_Driver/Src/stm32f3xx_hal_pcd.o
                0x0000000008000b94                HAL_PCD_SetAddress
 .text.HAL_PCD_EP_Open
                0x0000000008000bde       0xc0 Drivers/STM32F3xx_HAL_Driver/Src/stm32f3xx_hal_pcd.o
                0x0000000008000bde                HAL_PCD_EP_Open
 .text.HAL_PCD_EP_Close
                0x0000000008000c9e       0x84 Drivers/STM32F3xx_HAL_Driver/Src/stm32f3xx_hal_pcd.o
                0x0000000008000c9e                HAL_PCD_EP_Close
 .text.HAL_PCD_EP_Receive
                0x0000000008000d22       0x74 Drivers/STM32F3xx_HAL_Driver/Src/stm32f3xx_hal_pcd.o
                0x0000000008000d22                HAL_PCD_EP_Receive
 .text.HAL_PCD_EP_GetRxCount
                0x0000000008000d96       0x2a Drivers/STM32F3xx_HAL_Driver/Src/stm32f3xx_hal_pcd.o
                0x0000000008000d96                HAL_PCD_EP_GetRxCount
 .text.HAL_PCD_EP_Transmit
                0x0000000008000dc0       0x72 Drivers/STM32F3xx_HAL_Driver/Src/stm32f3xx_hal_pcd.o
                0x0000000008000dc0                HAL_PCD_EP_Transmit
 .text.HAL_PCD_EP_SetStall
                0x0000000008000e32       0xb4 Drivers/STM32F3xx_HAL_Driver/Src/stm32f3xx_hal_pcd.o
                0x0000000008000e32                HAL_PCD_EP_SetStall
 .text.HAL_PCD_EP_ClrStall
                0x0000000008000ee6       0x9c Drivers/STM32F3xx_HAL_Driver/Src/stm32f3xx_hal_pcd.o
                0x0000000008000ee6                HAL_PCD_EP_ClrStall
 *fill*         0x0000000008000f82        0x2 
 .text.PCD_EP_ISR_Handler
                0x0000000008000f84      0x520 Drivers/STM32F3xx_HAL_Driver/Src/stm32f3xx_hal_pcd.o
 .text.HAL_PCDEx_PMAConfig
                0x00000000080014a4       0x7a Drivers/STM32F3xx_HAL_Driver/Src/stm32f3xx_hal_pcd_ex.o
                0x00000000080014a4                HAL_PCDEx_PMAConfig
 *fill*         0x000000000800151e        0x2 
 .text.HAL_RCC_OscConfig
                0x0000000008001520      0xe10 Drivers/STM32F3xx_HAL_Driver/Src/stm32f3xx_hal_rcc.o
                0x0000000008001520                HAL_RCC_OscConfig
 .text.HAL_RCC_ClockConfig
                0x0000000008002330      0x2f8 Drivers/STM32F3xx_HAL_Driver/Src/stm32f3xx_hal_rcc.o
                0x0000000008002330                HAL_RCC_ClockConfig
 .text.HAL_RCC_GetSysClockFreq
                0x0000000008002628       0xd4 Drivers/STM32F3xx_HAL_Driver/Src/stm32f3xx_hal_rcc.o
                0x0000000008002628                HAL_RCC_GetSysClockFreq
 .text.HAL_RCC_GetHCLKFreq
                0x00000000080026fc       0x18 Drivers/STM32F3xx_HAL_Driver/Src/stm32f3xx_hal_rcc.o
                0x00000000080026fc                HAL_RCC_GetHCLKFreq
 .text.HAL_RCC_GetPCLK1Freq
                0x0000000008002714       0x44 Drivers/STM32F3xx_HAL_Driver/Src/stm32f3xx_hal_rcc.o
                0x0000000008002714                HAL_RCC_GetPCLK1Freq
 .text.HAL_RCC_GetPCLK2Freq
                0x0000000008002758       0x44 Drivers/STM32F3xx_HAL_Driver/Src/stm32f3xx_hal_rcc.o
                0x0000000008002758                HAL_RCC_GetPCLK2Freq
 .text.HAL_RCCEx_PeriphCLKConfig
                0x000000000800279c      0x324 Drivers/STM32F3xx_HAL_Driver/Src/stm32f3xx_hal_rcc_ex.o
                0x000000000800279c                HAL_RCCEx_PeriphCLKConfig
 .text.HAL_UART_Init
                0x0000000008002ac0       0x9c Drivers/STM32F3xx_HAL_Driver/Src/stm32f3xx_hal_uart.o
                0x0000000008002ac0                HAL_UART_Init
 .text.HAL_UART_Transmit
                0x0000000008002b5c      0x126 Drivers/STM32F3xx_HAL_Driver/Src/stm32f3xx_hal_uart.o
                0x0000000008002b5c                HAL_UART_Transmit
 *fill*         0x0000000008002c82        0x2 
 .text.UART_SetConfig
                0x0000000008002c84      0x304 Drivers/STM32F3xx_HAL_Driver/Src/stm32f3xx_hal_uart.o
                0x0000000008002c84                UART_SetConfig
 .text.UART_AdvFeatureConfig
                0x0000000008002f88      0x144 Drivers/STM32F3xx_HAL_Driver/Src/stm32f3xx_hal_uart.o
                0x0000000008002f88                UART_AdvFeatureConfig
 .text.UART_CheckIdleState
                0x00000000080030cc       0x8a Drivers/STM32F3xx_HAL_Driver/Src/stm32f3xx_hal_uart.o
                0x00000000080030cc                UART_CheckIdleState
 .text.UART_WaitOnFlagUntilTimeout
                0x0000000008003156       0xf6 Drivers/STM32F3xx_HAL_Driver/Src/stm32f3xx_hal_uart.o
                0x0000000008003156                UART_WaitOnFlagUntilTimeout
 .text.USB_EnableGlobalInt
                0x000000000800324c       0x30 Drivers/STM32F3xx_HAL_Driver/Src/stm32f3xx_ll_usb.o
                0x000000000800324c                USB_EnableGlobalInt
 .text.USB_DisableGlobalInt
                0x000000000800327c       0x3a Drivers/STM32F3xx_HAL_Driver/Src/stm32f3xx_ll_usb.o
                0x000000000800327c                USB_DisableGlobalInt
 .text.USB_DevInit
                0x00000000080032b6       0x48 Drivers/STM32F3xx_HAL_Driver/Src/stm32f3xx_ll_usb.o
                0x00000000080032b6                USB_DevInit
 *fill*         0x00000000080032fe        0x2 
 .text.USB_ActivateEndpoint
                0x0000000008003300      0x5e8 Drivers/STM32F3xx_HAL_Driver/Src/stm32f3xx_ll_usb.o
                0x0000000008003300                USB_ActivateEndpoint
 .text.USB_DeactivateEndpoint
                0x00000000080038e8      0x32c Drivers/STM32F3xx_HAL_Driver/Src/stm32f3xx_ll_usb.o
                0x00000000080038e8                USB_DeactivateEndpoint
 .text.USB_EPStartXfer
                0x0000000008003c14      0x5a4 Drivers/STM32F3xx_HAL_Driver/Src/stm32f3xx_ll_usb.o
                0x0000000008003c14                USB_EPStartXfer
 .text.USB_EPSetStall
                0x00000000080041b8       0x84 Drivers/STM32F3xx_HAL_Driver/Src/stm32f3xx_ll_usb.o
                0x00000000080041b8                USB_EPSetStall
 .text.USB_EPClearStall
                0x000000000800423c      0x128 Drivers/STM32F3xx_HAL_Driver/Src/stm32f3xx_ll_usb.o
                0x000000000800423c                USB_EPClearStall
 .text.USB_SetDevAddress
                0x0000000008004364       0x28 Drivers/STM32F3xx_HAL_Driver/Src/stm32f3xx_ll_usb.o
                0x0000000008004364                USB_SetDevAddress
 .text.USB_DevConnect
                0x000000000800438c       0x16 Drivers/STM32F3xx_HAL_Driver/Src/stm32f3xx_ll_usb.o
                0x000000000800438c                USB_DevConnect
 .text.USB_ReadInterrupts
                0x00000000080043a2       0x20 Drivers/STM32F3xx_HAL_Driver/Src/stm32f3xx_ll_usb.o
                0x00000000080043a2                USB_ReadInterrupts
 .text.USB_EP0_OutStart
                0x00000000080043c2       0x18 Drivers/STM32F3xx_HAL_Driver/Src/stm32f3xx_ll_usb.o
                0x00000000080043c2                USB_EP0_OutStart
 .text.USB_WritePMA
                0x00000000080043da       0x82 Drivers/STM32F3xx_HAL_Driver/Src/stm32f3xx_ll_usb.o
                0x00000000080043da                USB_WritePMA
 .text.USB_ReadPMA
                0x000000000800445c       0x98 Drivers/STM32F3xx_HAL_Driver/Src/stm32f3xx_ll_usb.o
                0x000000000800445c                USB_ReadPMA
 .text.USBD_CDC_Init
                0x00000000080044f4       0xf4 Middlewares/ST/STM32_USB_Device_Library/Class/CDC/Src/usbd_cdc.o
 .text.USBD_CDC_DeInit
                0x00000000080045e8       0x6e Middlewares/ST/STM32_USB_Device_Library/Class/CDC/Src/usbd_cdc.o
 .text.USBD_CDC_Setup
                0x0000000008004656      0x140 Middlewares/ST/STM32_USB_Device_Library/Class/CDC/Src/usbd_cdc.o
 .text.USBD_CDC_DataIn
                0x0000000008004796       0xa0 Middlewares/ST/STM32_USB_Device_Library/Class/CDC/Src/usbd_cdc.o
 .text.USBD_CDC_DataOut
                0x0000000008004836       0x56 Middlewares/ST/STM32_USB_Device_Library/Class/CDC/Src/usbd_cdc.o
 .text.USBD_CDC_EP0_RxReady
                0x000000000800488c       0x50 Middlewares/ST/STM32_USB_Device_Library/Class/CDC/Src/usbd_cdc.o
 .text.USBD_CDC_GetFSCfgDesc
                0x00000000080048dc       0x20 Middlewares/ST/STM32_USB_Device_Library/Class/CDC/Src/usbd_cdc.o
 .text.USBD_CDC_GetHSCfgDesc
                0x00000000080048fc       0x20 Middlewares/ST/STM32_USB_Device_Library/Class/CDC/Src/usbd_cdc.o
 .text.USBD_CDC_GetOtherSpeedCfgDesc
                0x000000000800491c       0x20 Middlewares/ST/STM32_USB_Device_Library/Class/CDC/Src/usbd_cdc.o
 .text.USBD_CDC_GetDeviceQualifierDescriptor
                0x000000000800493c       0x20 Middlewares/ST/STM32_USB_Device_Library/Class/CDC/Src/usbd_cdc.o
                0x000000000800493c                USBD_CDC_GetDeviceQualifierDescriptor
 .text.USBD_CDC_RegisterInterface
                0x000000000800495c       0x2e Middlewares/ST/STM32_USB_Device_Library/Class/CDC/Src/usbd_cdc.o
                0x000000000800495c                USBD_CDC_RegisterInterface
 .text.USBD_CDC_SetTxBuffer
                0x000000000800498a       0x34 Middlewares/ST/STM32_USB_Device_Library/Class/CDC/Src/usbd_cdc.o
                0x000000000800498a                USBD_CDC_SetTxBuffer
 .text.USBD_CDC_SetRxBuffer
                0x00000000080049be       0x28 Middlewares/ST/STM32_USB_Device_Library/Class/CDC/Src/usbd_cdc.o
                0x00000000080049be                USBD_CDC_SetRxBuffer
 .text.USBD_CDC_ReceivePacket
                0x00000000080049e6       0x54 Middlewares/ST/STM32_USB_Device_Library/Class/CDC/Src/usbd_cdc.o
                0x00000000080049e6                USBD_CDC_ReceivePacket
 .text.USBD_Init
                0x0000000008004a3a       0x56 Middlewares/ST/STM32_USB_Device_Library/Core/Src/usbd_core.o
                0x0000000008004a3a                USBD_Init
 .text.USBD_RegisterClass
                0x0000000008004a90       0x34 Middlewares/ST/STM32_USB_Device_Library/Core/Src/usbd_core.o
                0x0000000008004a90                USBD_RegisterClass
 .text.USBD_Start
                0x0000000008004ac4       0x18 Middlewares/ST/STM32_USB_Device_Library/Core/Src/usbd_core.o
                0x0000000008004ac4                USBD_Start
 .text.USBD_RunTestMode
                0x0000000008004adc       0x16 Middlewares/ST/STM32_USB_Device_Library/Core/Src/usbd_core.o
                0x0000000008004adc                USBD_RunTestMode
 .text.USBD_SetClassConfig
                0x0000000008004af2       0x3e Middlewares/ST/STM32_USB_Device_Library/Core/Src/usbd_core.o
                0x0000000008004af2                USBD_SetClassConfig
 .text.USBD_ClrClassConfig
                0x0000000008004b30       0x26 Middlewares/ST/STM32_USB_Device_Library/Core/Src/usbd_core.o
                0x0000000008004b30                USBD_ClrClassConfig
 .text.USBD_LL_SetupStage
                0x0000000008004b56       0x96 Middlewares/ST/STM32_USB_Device_Library/Core/Src/usbd_core.o
                0x0000000008004b56                USBD_LL_SetupStage
 .text.USBD_LL_DataOutStage
                0x0000000008004bec       0xe2 Middlewares/ST/STM32_USB_Device_Library/Core/Src/usbd_core.o
                0x0000000008004bec                USBD_LL_DataOutStage
 .text.USBD_LL_DataInStage
                0x0000000008004cce      0x14a Middlewares/ST/STM32_USB_Device_Library/Core/Src/usbd_core.o
                0x0000000008004cce                USBD_LL_DataInStage
 .text.USBD_LL_Reset
                0x0000000008004e18       0x82 Middlewares/ST/STM32_USB_Device_Library/Core/Src/usbd_core.o
                0x0000000008004e18                USBD_LL_Reset
 .text.USBD_LL_SetSpeed
                0x0000000008004e9a       0x20 Middlewares/ST/STM32_USB_Device_Library/Core/Src/usbd_core.o
                0x0000000008004e9a                USBD_LL_SetSpeed
 .text.USBD_LL_Suspend
                0x0000000008004eba       0x2a Middlewares/ST/STM32_USB_Device_Library/Core/Src/usbd_core.o
                0x0000000008004eba                USBD_LL_Suspend
 .text.USBD_LL_Resume
                0x0000000008004ee4       0x2c Middlewares/ST/STM32_USB_Device_Library/Core/Src/usbd_core.o
                0x0000000008004ee4                USBD_LL_Resume
 .text.USBD_LL_SOF
                0x0000000008004f10       0x34 Middlewares/ST/STM32_USB_Device_Library/Core/Src/usbd_core.o
                0x0000000008004f10                USBD_LL_SOF
 .text.USBD_StdDevReq
                0x0000000008004f44       0xd4 Middlewares/ST/STM32_USB_Device_Library/Core/Src/usbd_ctlreq.o
                0x0000000008004f44                USBD_StdDevReq
 .text.USBD_StdItfReq
                0x0000000008005018       0x8c Middlewares/ST/STM32_USB_Device_Library/Core/Src/usbd_ctlreq.o
                0x0000000008005018                USBD_StdItfReq
 .text.USBD_StdEPReq
                0x00000000080050a4      0x2ba Middlewares/ST/STM32_USB_Device_Library/Core/Src/usbd_ctlreq.o
                0x00000000080050a4                USBD_StdEPReq
 *fill*         0x000000000800535e        0x2 
 .text.USBD_GetDescriptor
                0x0000000008005360      0x2d0 Middlewares/ST/STM32_USB_Device_Library/Core/Src/usbd_ctlreq.o
 .text.USBD_SetAddress
                0x0000000008005630       0x84 Middlewares/ST/STM32_USB_Device_Library/Core/Src/usbd_ctlreq.o
 .text.USBD_SetConfig
                0x00000000080056b4      0x11c Middlewares/ST/STM32_USB_Device_Library/Core/Src/usbd_ctlreq.o
 .text.USBD_GetConfig
                0x00000000080057d0       0x68 Middlewares/ST/STM32_USB_Device_Library/Core/Src/usbd_ctlreq.o
 .text.USBD_GetStatus
                0x0000000008005838       0x66 Middlewares/ST/STM32_USB_Device_Library/Core/Src/usbd_ctlreq.o
 .text.USBD_SetFeature
                0x000000000800589e       0x28 Middlewares/ST/STM32_USB_Device_Library/Core/Src/usbd_ctlreq.o
 .text.USBD_ClrFeature
                0x00000000080058c6       0x42 Middlewares/ST/STM32_USB_Device_Library/Core/Src/usbd_ctlreq.o
 .text.USBD_ParseSetupRequest
                0x0000000008005908       0x7a Middlewares/ST/STM32_USB_Device_Library/Core/Src/usbd_ctlreq.o
                0x0000000008005908                USBD_ParseSetupRequest
 .text.USBD_CtlError
                0x0000000008005982       0x22 Middlewares/ST/STM32_USB_Device_Library/Core/Src/usbd_ctlreq.o
                0x0000000008005982                USBD_CtlError
 .text.USBD_GetString
                0x00000000080059a4       0x84 Middlewares/ST/STM32_USB_Device_Library/Core/Src/usbd_ctlreq.o
                0x00000000080059a4                USBD_GetString
 .text.USBD_GetLen
                0x0000000008005a28       0x30 Middlewares/ST/STM32_USB_Device_Library/Core/Src/usbd_ctlreq.o
 .text.USBD_CtlSendData
                0x0000000008005a58       0x38 Middlewares/ST/STM32_USB_Device_Library/Core/Src/usbd_ioreq.o
                0x0000000008005a58                USBD_CtlSendData
 .text.USBD_CtlContinueSendData
                0x0000000008005a90       0x24 Middlewares/ST/STM32_USB_Device_Library/Core/Src/usbd_ioreq.o
                0x0000000008005a90                USBD_CtlContinueSendData
 .text.USBD_CtlPrepareRx
                0x0000000008005ab4       0x3c Middlewares/ST/STM32_USB_Device_Library/Core/Src/usbd_ioreq.o
                0x0000000008005ab4                USBD_CtlPrepareRx
 .text.USBD_CtlContinueRx
                0x0000000008005af0       0x24 Middlewares/ST/STM32_USB_Device_Library/Core/Src/usbd_ioreq.o
                0x0000000008005af0                USBD_CtlContinueRx
 .text.USBD_CtlSendStatus
                0x0000000008005b14       0x26 Middlewares/ST/STM32_USB_Device_Library/Core/Src/usbd_ioreq.o
                0x0000000008005b14                USBD_CtlSendStatus
 .text.USBD_CtlReceiveStatus
                0x0000000008005b3a       0x26 Middlewares/ST/STM32_USB_Device_Library/Core/Src/usbd_ioreq.o
                0x0000000008005b3a                USBD_CtlReceiveStatus
 .text.main     0x0000000008005b60       0x2c Src/main.o
                0x0000000008005b60                main
 .text.SystemClock_Config
                0x0000000008005b8c       0xb8 Src/main.o
                0x0000000008005b8c                SystemClock_Config
 .text.MX_USART2_UART_Init
                0x0000000008005c44       0x60 Src/main.o
 .text.MX_GPIO_Init
                0x0000000008005ca4       0xd4 Src/main.o
 .text.debugPrintln
                0x0000000008005d78       0x3c Src/main.o
                0x0000000008005d78                debugPrintln
 .text.processLED
                0x0000000008005db4       0x44 Src/main.o
                0x0000000008005db4                processLED
 .text.Error_Handler
                0x0000000008005df8        0xe Src/main.o
                0x0000000008005df8                Error_Handler
 *fill*         0x0000000008005e06        0x2 
 .text.HAL_MspInit
                0x0000000008005e08       0x48 Src/stm32f3xx_hal_msp.o
                0x0000000008005e08                HAL_MspInit
 .text.HAL_UART_MspInit
                0x0000000008005e50       0x84 Src/stm32f3xx_hal_msp.o
                0x0000000008005e50                HAL_UART_MspInit
 .text.NMI_Handler
                0x0000000008005ed4        0xe Src/stm32f3xx_it.o
                0x0000000008005ed4                NMI_Handler
 .text.HardFault_Handler
                0x0000000008005ee2        0x6 Src/stm32f3xx_it.o
                0x0000000008005ee2                HardFault_Handler
 .text.MemManage_Handler
                0x0000000008005ee8        0x6 Src/stm32f3xx_it.o
                0x0000000008005ee8                MemManage_Handler
 .text.BusFault_Handler
                0x0000000008005eee        0x6 Src/stm32f3xx_it.o
                0x0000000008005eee                BusFault_Handler
 .text.UsageFault_Handler
                0x0000000008005ef4        0x6 Src/stm32f3xx_it.o
                0x0000000008005ef4                UsageFault_Handler
 .text.SVC_Handler
                0x0000000008005efa        0xe Src/stm32f3xx_it.o
                0x0000000008005efa                SVC_Handler
 .text.DebugMon_Handler
                0x0000000008005f08        0xe Src/stm32f3xx_it.o
                0x0000000008005f08                DebugMon_Handler
 .text.PendSV_Handler
                0x0000000008005f16        0xe Src/stm32f3xx_it.o
                0x0000000008005f16                PendSV_Handler
 .text.SysTick_Handler
                0x0000000008005f24        0xc Src/stm32f3xx_it.o
                0x0000000008005f24                SysTick_Handler
 .text.USB_LP_CAN_RX0_IRQHandler
                0x0000000008005f30       0x14 Src/stm32f3xx_it.o
                0x0000000008005f30                USB_LP_CAN_RX0_IRQHandler
 .text.SystemInit
                0x0000000008005f44       0x2c Src/system_stm32f3xx.o
                0x0000000008005f44                SystemInit
 .text.MX_USB_DEVICE_Init
                0x0000000008005f70       0x60 Src/usb_device.o
                0x0000000008005f70                MX_USB_DEVICE_Init
 .text.CDC_Init_FS
                0x0000000008005fd0       0x28 Src/usbd_cdc_if.o
 .text.CDC_DeInit_FS
                0x0000000008005ff8       0x10 Src/usbd_cdc_if.o
 .text.CDC_Control_FS
                0x0000000008006008      0x144 Src/usbd_cdc_if.o
 .text.CDC_Receive_FS
                0x000000000800614c       0x4c Src/usbd_cdc_if.o
 .text.HAL_PCD_MspInit
                0x0000000008006198       0x4c Src/usbd_conf.o
                0x0000000008006198                HAL_PCD_MspInit
 .text.HAL_PCD_SetupStageCallback
                0x00000000080061e4       0x24 Src/usbd_conf.o
                0x00000000080061e4                HAL_PCD_SetupStageCallback
 .text.HAL_PCD_DataOutStageCallback
                0x0000000008006208       0x30 Src/usbd_conf.o
                0x0000000008006208                HAL_PCD_DataOutStageCallback
 .text.HAL_PCD_DataInStageCallback
                0x0000000008006238       0x2e Src/usbd_conf.o
                0x0000000008006238                HAL_PCD_DataInStageCallback
 .text.HAL_PCD_SOFCallback
                0x0000000008006266       0x1c Src/usbd_conf.o
                0x0000000008006266                HAL_PCD_SOFCallback
 .text.HAL_PCD_ResetCallback
                0x0000000008006282       0x3c Src/usbd_conf.o
                0x0000000008006282                HAL_PCD_ResetCallback
 *fill*         0x00000000080062be        0x2 
 .text.HAL_PCD_SuspendCallback
                0x00000000080062c0       0x34 Src/usbd_conf.o
                0x00000000080062c0                HAL_PCD_SuspendCallback
 .text.HAL_PCD_ResumeCallback
                0x00000000080062f4       0x1c Src/usbd_conf.o
                0x00000000080062f4                HAL_PCD_ResumeCallback
 .text.USBD_LL_Init
                0x0000000008006310       0xb4 Src/usbd_conf.o
                0x0000000008006310                USBD_LL_Init
 .text.USBD_LL_Start
                0x00000000080063c4       0x36 Src/usbd_conf.o
                0x00000000080063c4                USBD_LL_Start
 .text.USBD_LL_OpenEP
                0x00000000080063fa       0x4c Src/usbd_conf.o
                0x00000000080063fa                USBD_LL_OpenEP
 .text.USBD_LL_CloseEP
                0x0000000008006446       0x3e Src/usbd_conf.o
                0x0000000008006446                USBD_LL_CloseEP
 .text.USBD_LL_StallEP
                0x0000000008006484       0x3e Src/usbd_conf.o
                0x0000000008006484                USBD_LL_StallEP
 .text.USBD_LL_ClearStallEP
                0x00000000080064c2       0x3e Src/usbd_conf.o
                0x00000000080064c2                USBD_LL_ClearStallEP
 .text.USBD_LL_IsStallEP
                0x0000000008006500       0x4c Src/usbd_conf.o
                0x0000000008006500                USBD_LL_IsStallEP
 .text.USBD_LL_SetUSBAddress
                0x000000000800654c       0x3e Src/usbd_conf.o
                0x000000000800654c                USBD_LL_SetUSBAddress
 .text.USBD_LL_Transmit
                0x000000000800658a       0x46 Src/usbd_conf.o
                0x000000000800658a                USBD_LL_Transmit
 .text.USBD_LL_PrepareReceive
                0x00000000080065d0       0x46 Src/usbd_conf.o
                0x00000000080065d0                USBD_LL_PrepareReceive
 .text.USBD_LL_GetRxDataSize
                0x0000000008006616       0x26 Src/usbd_conf.o
                0x0000000008006616                USBD_LL_GetRxDataSize
 .text.USBD_static_malloc
                0x000000000800663c       0x1c Src/usbd_conf.o
                0x000000000800663c                USBD_static_malloc
 .text.USBD_static_free
                0x0000000008006658       0x14 Src/usbd_conf.o
                0x0000000008006658                USBD_static_free
 .text.HAL_PCDEx_SetConnectionState
                0x000000000800666c       0x18 Src/usbd_conf.o
                0x000000000800666c                HAL_PCDEx_SetConnectionState
 .text.USBD_Get_USB_Status
                0x0000000008006684       0x58 Src/usbd_conf.o
 .text.USBD_FS_DeviceDescriptor
                0x00000000080066dc       0x24 Src/usbd_desc.o
                0x00000000080066dc                USBD_FS_DeviceDescriptor
 .text.USBD_FS_LangIDStrDescriptor
                0x0000000008006700       0x24 Src/usbd_desc.o
                0x0000000008006700                USBD_FS_LangIDStrDescriptor
 .text.USBD_FS_ProductStrDescriptor
                0x0000000008006724       0x3c Src/usbd_desc.o
                0x0000000008006724                USBD_FS_ProductStrDescriptor
 .text.USBD_FS_ManufacturerStrDescriptor
                0x0000000008006760       0x28 Src/usbd_desc.o
                0x0000000008006760                USBD_FS_ManufacturerStrDescriptor
 .text.USBD_FS_SerialStrDescriptor
                0x0000000008006788       0x24 Src/usbd_desc.o
                0x0000000008006788                USBD_FS_SerialStrDescriptor
 .text.USBD_FS_ConfigStrDescriptor
                0x00000000080067ac       0x3c Src/usbd_desc.o
                0x00000000080067ac                USBD_FS_ConfigStrDescriptor
 .text.USBD_FS_InterfaceStrDescriptor
                0x00000000080067e8       0x3c Src/usbd_desc.o
                0x00000000080067e8                USBD_FS_InterfaceStrDescriptor
 .text.Get_SerialNum
                0x0000000008006824       0x58 Src/usbd_desc.o
 .text.IntToUnicode
                0x000000000800687c       0x7c Src/usbd_desc.o
 .text.Reset_Handler
                0x00000000080068f8       0x50 Startup/startup_stm32f302r8tx.o
                0x00000000080068f8                Reset_Handler
 .text.Default_Handler
                0x0000000008006948        0x2 Startup/startup_stm32f302r8tx.o
                0x0000000008006948                RTC_Alarm_IRQHandler
                0x0000000008006948                TIM1_CC_IRQHandler
                0x0000000008006948                USB_HP_IRQHandler
                0x0000000008006948                PVD_IRQHandler
                0x0000000008006948                TAMP_STAMP_IRQHandler
                0x0000000008006948                EXTI3_IRQHandler
                0x0000000008006948                I2C3_ER_IRQHandler
                0x0000000008006948                USB_HP_CAN_TX_IRQHandler
                0x0000000008006948                EXTI0_IRQHandler
                0x0000000008006948                I2C2_EV_IRQHandler
                0x0000000008006948                FPU_IRQHandler
                0x0000000008006948                TIM1_UP_TIM16_IRQHandler
                0x0000000008006948                CAN_SCE_IRQHandler
                0x0000000008006948                TIM6_DAC_IRQHandler
                0x0000000008006948                DMA1_Channel4_IRQHandler
                0x0000000008006948                ADC1_IRQHandler
                0x0000000008006948                USART3_IRQHandler
                0x0000000008006948                DMA1_Channel7_IRQHandler
                0x0000000008006948                CAN_RX1_IRQHandler
                0x0000000008006948                I2C1_EV_IRQHandler
                0x0000000008006948                DMA1_Channel6_IRQHandler
                0x0000000008006948                RCC_IRQHandler
                0x0000000008006948                DMA1_Channel1_IRQHandler
                0x0000000008006948                Default_Handler
                0x0000000008006948                USBWakeUp_RMP_IRQHandler
                0x0000000008006948                EXTI15_10_IRQHandler
                0x0000000008006948                COMP2_IRQHandler
                0x0000000008006948                I2C3_EV_IRQHandler
                0x0000000008006948                EXTI9_5_IRQHandler
                0x0000000008006948                RTC_WKUP_IRQHandler
                0x0000000008006948                SPI2_IRQHandler
                0x0000000008006948                DMA1_Channel5_IRQHandler
                0x0000000008006948                USB_LP_IRQHandler
                0x0000000008006948                EXTI4_IRQHandler
                0x0000000008006948                TIM1_TRG_COM_TIM17_IRQHandler
                0x0000000008006948                DMA1_Channel3_IRQHandler
                0x0000000008006948                WWDG_IRQHandler
                0x0000000008006948                TIM2_IRQHandler
                0x0000000008006948                EXTI1_IRQHandler
                0x0000000008006948                COMP4_6_IRQHandler
                0x0000000008006948                USART2_IRQHandler
                0x0000000008006948                I2C2_ER_IRQHandler
                0x0000000008006948                DMA1_Channel2_IRQHandler
                0x0000000008006948                FLASH_IRQHandler
                0x0000000008006948                USART1_IRQHandler
                0x0000000008006948                SPI3_IRQHandler
                0x0000000008006948                I2C1_ER_IRQHandler
                0x0000000008006948                USBWakeUp_IRQHandler
                0x0000000008006948                EXTI2_TSC_IRQHandler
                0x0000000008006948                TIM1_BRK_TIM15_IRQHandler
 *fill*         0x000000000800694a        0x2 
 .text.__libc_init_array
                0x000000000800694c       0x48 /home/alexandre/st/stm32cubeide_1.3.0/plugins/com.st.stm32cube.ide.mcu.externaltools.gnu-tools-for-stm32.7-2018-q2-update.linux64_1.0.0.201904181610/tools/bin/../lib/gcc/arm-none-eabi/7.3.1/../../../../arm-none-eabi/lib/thumb/v7e-m/fpv4-sp/hard/libc_nano.a(lib_a-init.o)
                0x000000000800694c                __libc_init_array
 .text.memset   0x0000000008006994       0x10 /home/alexandre/st/stm32cubeide_1.3.0/plugins/com.st.stm32cube.ide.mcu.externaltools.gnu-tools-for-stm32.7-2018-q2-update.linux64_1.0.0.201904181610/tools/bin/../lib/gcc/arm-none-eabi/7.3.1/../../../../arm-none-eabi/lib/thumb/v7e-m/fpv4-sp/hard/libc_nano.a(lib_a-memset.o)
                0x0000000008006994                memset
 *(.glue_7)
 .glue_7        0x00000000080069a4        0x0 linker stubs
 *(.glue_7t)
 .glue_7t       0x00000000080069a4        0x0 linker stubs
 *(.eh_frame)
 .eh_frame      0x00000000080069a4        0x0 /home/alexandre/st/stm32cubeide_1.3.0/plugins/com.st.stm32cube.ide.mcu.externaltools.gnu-tools-for-stm32.7-2018-q2-update.linux64_1.0.0.201904181610/tools/bin/../lib/gcc/arm-none-eabi/7.3.1/thumb/v7e-m/fpv4-sp/hard/crtbegin.o
 *(.init)
 .init          0x00000000080069a4        0x4 /home/alexandre/st/stm32cubeide_1.3.0/plugins/com.st.stm32cube.ide.mcu.externaltools.gnu-tools-for-stm32.7-2018-q2-update.linux64_1.0.0.201904181610/tools/bin/../lib/gcc/arm-none-eabi/7.3.1/thumb/v7e-m/fpv4-sp/hard/crti.o
                0x00000000080069a4                _init
 .init          0x00000000080069a8        0x8 /home/alexandre/st/stm32cubeide_1.3.0/plugins/com.st.stm32cube.ide.mcu.externaltools.gnu-tools-for-stm32.7-2018-q2-update.linux64_1.0.0.201904181610/tools/bin/../lib/gcc/arm-none-eabi/7.3.1/thumb/v7e-m/fpv4-sp/hard/crtn.o
 *(.fini)
 .fini          0x00000000080069b0        0x4 /home/alexandre/st/stm32cubeide_1.3.0/plugins/com.st.stm32cube.ide.mcu.externaltools.gnu-tools-for-stm32.7-2018-q2-update.linux64_1.0.0.201904181610/tools/bin/../lib/gcc/arm-none-eabi/7.3.1/thumb/v7e-m/fpv4-sp/hard/crti.o
                0x00000000080069b0                _fini
 .fini          0x00000000080069b4        0x8 /home/alexandre/st/stm32cubeide_1.3.0/plugins/com.st.stm32cube.ide.mcu.externaltools.gnu-tools-for-stm32.7-2018-q2-update.linux64_1.0.0.201904181610/tools/bin/../lib/gcc/arm-none-eabi/7.3.1/thumb/v7e-m/fpv4-sp/hard/crtn.o
                0x00000000080069bc                . = ALIGN (0x4)
                0x00000000080069bc                _etext = .

.vfp11_veneer   0x00000000080069bc        0x0
 .vfp11_veneer  0x00000000080069bc        0x0 linker stubs

.v4_bx          0x00000000080069bc        0x0
 .v4_bx         0x00000000080069bc        0x0 linker stubs

.iplt           0x00000000080069bc        0x0
 .iplt          0x00000000080069bc        0x0 /home/alexandre/st/stm32cubeide_1.3.0/plugins/com.st.stm32cube.ide.mcu.externaltools.gnu-tools-for-stm32.7-2018-q2-update.linux64_1.0.0.201904181610/tools/bin/../lib/gcc/arm-none-eabi/7.3.1/thumb/v7e-m/fpv4-sp/hard/crtbegin.o

.rodata         0x00000000080069bc       0xb4
                0x00000000080069bc                . = ALIGN (0x4)
 *(.rodata)
 .rodata        0x00000000080069bc       0x20 Src/main.o
 .rodata        0x00000000080069dc       0x14 Src/usbd_cdc_if.o
 .rodata        0x00000000080069f0       0x46 Src/usbd_desc.o
 *(.rodata*)
 *fill*         0x0000000008006a36        0x2 
 .rodata.aPLLMULFactorTable
                0x0000000008006a38       0x10 Drivers/STM32F3xx_HAL_Driver/Src/stm32f3xx_hal_rcc.o
                0x0000000008006a38                aPLLMULFactorTable
 .rodata.aPredivFactorTable
                0x0000000008006a48       0x10 Drivers/STM32F3xx_HAL_Driver/Src/stm32f3xx_hal_rcc.o
                0x0000000008006a48                aPredivFactorTable
 .rodata.AHBPrescTable
                0x0000000008006a58       0x10 Src/system_stm32f3xx.o
                0x0000000008006a58                AHBPrescTable
 .rodata.APBPrescTable
                0x0000000008006a68        0x8 Src/system_stm32f3xx.o
                0x0000000008006a68                APBPrescTable
                0x0000000008006a70                . = ALIGN (0x4)

.rel.dyn        0x0000000008006a70        0x0
 .rel.iplt      0x0000000008006a70        0x0 /home/alexandre/st/stm32cubeide_1.3.0/plugins/com.st.stm32cube.ide.mcu.externaltools.gnu-tools-for-stm32.7-2018-q2-update.linux64_1.0.0.201904181610/tools/bin/../lib/gcc/arm-none-eabi/7.3.1/thumb/v7e-m/fpv4-sp/hard/crtbegin.o

.ARM.extab      0x0000000008006a70        0x0
                0x0000000008006a70                . = ALIGN (0x4)
 *(.ARM.extab* .gnu.linkonce.armextab.*)
                0x0000000008006a70                . = ALIGN (0x4)

.ARM            0x0000000008006a70        0x0
                0x0000000008006a70                . = ALIGN (0x4)
                0x0000000008006a70                __exidx_start = .
 *(.ARM.exidx*)
                0x0000000008006a70                __exidx_end = .
                0x0000000008006a70                . = ALIGN (0x4)

.preinit_array  0x0000000008006a70        0x0
                0x0000000008006a70                . = ALIGN (0x4)
                0x0000000008006a70                PROVIDE (__preinit_array_start = .)
 *(.preinit_array*)
                0x0000000008006a70                PROVIDE (__preinit_array_end = .)
                0x0000000008006a70                . = ALIGN (0x4)

.init_array     0x0000000008006a70        0x4
                0x0000000008006a70                . = ALIGN (0x4)
                0x0000000008006a70                PROVIDE (__init_array_start = .)
 *(SORT_BY_NAME(.init_array.*))
 *(.init_array*)
 .init_array    0x0000000008006a70        0x4 /home/alexandre/st/stm32cubeide_1.3.0/plugins/com.st.stm32cube.ide.mcu.externaltools.gnu-tools-for-stm32.7-2018-q2-update.linux64_1.0.0.201904181610/tools/bin/../lib/gcc/arm-none-eabi/7.3.1/thumb/v7e-m/fpv4-sp/hard/crtbegin.o
                0x0000000008006a74                PROVIDE (__init_array_end = .)
                0x0000000008006a74                . = ALIGN (0x4)

.fini_array     0x0000000008006a74        0x4
                0x0000000008006a74                . = ALIGN (0x4)
                [!provide]                        PROVIDE (__fini_array_start = .)
 *(SORT_BY_NAME(.fini_array.*))
 *(.fini_array*)
 .fini_array    0x0000000008006a74        0x4 /home/alexandre/st/stm32cubeide_1.3.0/plugins/com.st.stm32cube.ide.mcu.externaltools.gnu-tools-for-stm32.7-2018-q2-update.linux64_1.0.0.201904181610/tools/bin/../lib/gcc/arm-none-eabi/7.3.1/thumb/v7e-m/fpv4-sp/hard/crtbegin.o
                [!provide]                        PROVIDE (__fini_array_end = .)
                0x0000000008006a78                . = ALIGN (0x4)
                0x0000000008006a78                _sidata = LOADADDR (.data)

.data           0x0000000020000000      0x17c load address 0x0000000008006a78
                0x0000000020000000                . = ALIGN (0x4)
                0x0000000020000000                _sdata = .
 *(.data)
 *(.data*)
 .data.uwTickPrio
                0x0000000020000000        0x4 Drivers/STM32F3xx_HAL_Driver/Src/stm32f3xx_hal.o
                0x0000000020000000                uwTickPrio
 .data.uwTickFreq
                0x0000000020000004        0x1 Drivers/STM32F3xx_HAL_Driver/Src/stm32f3xx_hal.o
                0x0000000020000004                uwTickFreq
 *fill*         0x0000000020000005        0x3 
 .data.USBD_CDC_DeviceQualifierDesc
                0x0000000020000008        0xa Middlewares/ST/STM32_USB_Device_Library/Class/CDC/Src/usbd_cdc.o
 *fill*         0x0000000020000012        0x2 
 .data.USBD_CDC
                0x0000000020000014       0x38 Middlewares/ST/STM32_USB_Device_Library/Class/CDC/Src/usbd_cdc.o
                0x0000000020000014                USBD_CDC
 .data.USBD_CDC_CfgHSDesc
                0x000000002000004c       0x43 Middlewares/ST/STM32_USB_Device_Library/Class/CDC/Src/usbd_cdc.o
                0x000000002000004c                USBD_CDC_CfgHSDesc
 *fill*         0x000000002000008f        0x1 
 .data.USBD_CDC_CfgFSDesc
                0x0000000020000090       0x43 Middlewares/ST/STM32_USB_Device_Library/Class/CDC/Src/usbd_cdc.o
                0x0000000020000090                USBD_CDC_CfgFSDesc
 *fill*         0x00000000200000d3        0x1 
 .data.USBD_CDC_OtherSpeedCfgDesc
                0x00000000200000d4       0x43 Middlewares/ST/STM32_USB_Device_Library/Class/CDC/Src/usbd_cdc.o
                0x00000000200000d4                USBD_CDC_OtherSpeedCfgDesc
 *fill*         0x0000000020000117        0x1 
 .data.SystemCoreClock
                0x0000000020000118        0x4 Src/system_stm32f3xx.o
                0x0000000020000118                SystemCoreClock
 .data.USBD_Interface_fops_FS
                0x000000002000011c       0x10 Src/usbd_cdc_if.o
                0x000000002000011c                USBD_Interface_fops_FS
 .data.FS_Desc  0x000000002000012c       0x1c Src/usbd_desc.o
                0x000000002000012c                FS_Desc
 .data.USBD_FS_DeviceDesc
                0x0000000020000148       0x12 Src/usbd_desc.o
                0x0000000020000148                USBD_FS_DeviceDesc
 *fill*         0x000000002000015a        0x2 
 .data.USBD_LangIDDesc
                0x000000002000015c        0x4 Src/usbd_desc.o
                0x000000002000015c                USBD_LangIDDesc
 .data.USBD_StringSerial
                0x0000000020000160       0x1a Src/usbd_desc.o
                0x0000000020000160                USBD_StringSerial
                0x000000002000017c                . = ALIGN (0x4)
 *fill*         0x000000002000017a        0x2 
                0x000000002000017c                _edata = .

.igot.plt       0x000000002000017c        0x0 load address 0x0000000008006bf4
 .igot.plt      0x000000002000017c        0x0 /home/alexandre/st/stm32cubeide_1.3.0/plugins/com.st.stm32cube.ide.mcu.externaltools.gnu-tools-for-stm32.7-2018-q2-update.linux64_1.0.0.201904181610/tools/bin/../lib/gcc/arm-none-eabi/7.3.1/thumb/v7e-m/fpv4-sp/hard/crtbegin.o
                0x000000002000017c                . = ALIGN (0x4)

.bss            0x000000002000017c     0x11cc load address 0x0000000008006bf4
                0x000000002000017c                _sbss = .
                0x000000002000017c                __bss_start__ = _sbss
 *(.bss)
 .bss           0x000000002000017c       0x1c /home/alexandre/st/stm32cubeide_1.3.0/plugins/com.st.stm32cube.ide.mcu.externaltools.gnu-tools-for-stm32.7-2018-q2-update.linux64_1.0.0.201904181610/tools/bin/../lib/gcc/arm-none-eabi/7.3.1/thumb/v7e-m/fpv4-sp/hard/crtbegin.o
 *(.bss*)
 .bss.cfgidx.9789
                0x0000000020000198        0x1 Middlewares/ST/STM32_USB_Device_Library/Core/Src/usbd_ctlreq.o
 *fill*         0x0000000020000199        0x3 
 .bss.mem.9854  0x000000002000019c      0x220 Src/usbd_conf.o
 *(COMMON)
 COMMON         0x00000000200003bc        0x4 Drivers/STM32F3xx_HAL_Driver/Src/stm32f3xx_hal.o
                0x00000000200003bc                uwTick
 COMMON         0x00000000200003c0       0x80 Src/main.o
                0x00000000200003c0                huart2
 COMMON         0x0000000020000440      0x2c4 Src/usb_device.o
                0x0000000020000440                hUsbDeviceFS
 COMMON         0x0000000020000704      0x7d7 Src/usbd_cdc_if.o
                0x0000000020000704                UserRxBufferFS
                0x0000000020000aec                UserTxBufferFS
                0x0000000020000ed4                buffer
 *fill*         0x0000000020000edb        0x1 
 COMMON         0x0000000020000edc      0x26c Src/usbd_conf.o
                0x0000000020000edc                hpcd_USB_FS
 COMMON         0x0000000020001148      0x200 Src/usbd_desc.o
                0x0000000020001148                USBD_StrDesc
                0x0000000020001348                . = ALIGN (0x4)
                0x0000000020001348                _ebss = .
                0x0000000020001348                __bss_end__ = _ebss

._user_heap_stack
                0x0000000020001348      0xc00 load address 0x0000000008006bf4
                0x0000000020001348                . = ALIGN (0x8)
                0x0000000020001348                PROVIDE (end = .)
                [!provide]                        PROVIDE (_end = .)
                0x0000000020001b48                . = (. + _Min_Heap_Size)
 *fill*         0x0000000020001348      0x800 
                0x0000000020001f48                . = (. + _Min_Stack_Size)
 *fill*         0x0000000020001b48      0x400 
                0x0000000020001f48                . = ALIGN (0x8)

/DISCARD/
 libc.a(*)
 libm.a(*)
 libgcc.a(*)

.ARM.attributes
                0x0000000000000000       0x30
 *(.ARM.attributes)
 .ARM.attributes
                0x0000000000000000       0x22 /home/alexandre/st/stm32cubeide_1.3.0/plugins/com.st.stm32cube.ide.mcu.externaltools.gnu-tools-for-stm32.7-2018-q2-update.linux64_1.0.0.201904181610/tools/bin/../lib/gcc/arm-none-eabi/7.3.1/thumb/v7e-m/fpv4-sp/hard/crti.o
 .ARM.attributes
                0x0000000000000022       0x34 /home/alexandre/st/stm32cubeide_1.3.0/plugins/com.st.stm32cube.ide.mcu.externaltools.gnu-tools-for-stm32.7-2018-q2-update.linux64_1.0.0.201904181610/tools/bin/../lib/gcc/arm-none-eabi/7.3.1/thumb/v7e-m/fpv4-sp/hard/crtbegin.o
 .ARM.attributes
                0x0000000000000056       0x39 Drivers/STM32F3xx_HAL_Driver/Src/stm32f3xx_hal.o
 .ARM.attributes
                0x000000000000008f       0x39 Drivers/STM32F3xx_HAL_Driver/Src/stm32f3xx_hal_cortex.o
 .ARM.attributes
                0x00000000000000c8       0x39 Drivers/STM32F3xx_HAL_Driver/Src/stm32f3xx_hal_gpio.o
 .ARM.attributes
                0x0000000000000101       0x39 Drivers/STM32F3xx_HAL_Driver/Src/stm32f3xx_hal_pcd.o
 .ARM.attributes
                0x000000000000013a       0x39 Drivers/STM32F3xx_HAL_Driver/Src/stm32f3xx_hal_pcd_ex.o
 .ARM.attributes
                0x0000000000000173       0x39 Drivers/STM32F3xx_HAL_Driver/Src/stm32f3xx_hal_rcc.o
 .ARM.attributes
                0x00000000000001ac       0x39 Drivers/STM32F3xx_HAL_Driver/Src/stm32f3xx_hal_rcc_ex.o
 .ARM.attributes
                0x00000000000001e5       0x39 Drivers/STM32F3xx_HAL_Driver/Src/stm32f3xx_hal_uart.o
 .ARM.attributes
                0x000000000000021e       0x39 Drivers/STM32F3xx_HAL_Driver/Src/stm32f3xx_ll_usb.o
 .ARM.attributes
                0x0000000000000257       0x39 Middlewares/ST/STM32_USB_Device_Library/Class/CDC/Src/usbd_cdc.o
 .ARM.attributes
                0x0000000000000290       0x39 Middlewares/ST/STM32_USB_Device_Library/Core/Src/usbd_core.o
 .ARM.attributes
                0x00000000000002c9       0x39 Middlewares/ST/STM32_USB_Device_Library/Core/Src/usbd_ctlreq.o
 .ARM.attributes
                0x0000000000000302       0x39 Middlewares/ST/STM32_USB_Device_Library/Core/Src/usbd_ioreq.o
 .ARM.attributes
                0x000000000000033b       0x39 Src/main.o
 .ARM.attributes
                0x0000000000000374       0x39 Src/stm32f3xx_hal_msp.o
 .ARM.attributes
                0x00000000000003ad       0x39 Src/stm32f3xx_it.o
 .ARM.attributes
                0x00000000000003e6       0x39 Src/system_stm32f3xx.o
 .ARM.attributes
                0x000000000000041f       0x39 Src/usb_device.o
 .ARM.attributes
                0x0000000000000458       0x39 Src/usbd_cdc_if.o
 .ARM.attributes
                0x0000000000000491       0x39 Src/usbd_conf.o
 .ARM.attributes
                0x00000000000004ca       0x39 Src/usbd_desc.o
 .ARM.attributes
                0x0000000000000503       0x21 Startup/startup_stm32f302r8tx.o
 .ARM.attributes
                0x0000000000000524       0x34 /home/alexandre/st/stm32cubeide_1.3.0/plugins/com.st.stm32cube.ide.mcu.externaltools.gnu-tools-for-stm32.7-2018-q2-update.linux64_1.0.0.201904181610/tools/bin/../lib/gcc/arm-none-eabi/7.3.1/../../../../arm-none-eabi/lib/thumb/v7e-m/fpv4-sp/hard/libc_nano.a(lib_a-init.o)
 .ARM.attributes
                0x0000000000000558       0x34 /home/alexandre/st/stm32cubeide_1.3.0/plugins/com.st.stm32cube.ide.mcu.externaltools.gnu-tools-for-stm32.7-2018-q2-update.linux64_1.0.0.201904181610/tools/bin/../lib/gcc/arm-none-eabi/7.3.1/../../../../arm-none-eabi/lib/thumb/v7e-m/fpv4-sp/hard/libc_nano.a(lib_a-memset.o)
 .ARM.attributes
                0x000000000000058c       0x1b /home/alexandre/st/stm32cubeide_1.3.0/plugins/com.st.stm32cube.ide.mcu.externaltools.gnu-tools-for-stm32.7-2018-q2-update.linux64_1.0.0.201904181610/tools/bin/../lib/gcc/arm-none-eabi/7.3.1/../../../../arm-none-eabi/lib/thumb/v7e-m/fpv4-sp/hard/libc_nano.a(lib_a-strlen.o)
 .ARM.attributes
                0x00000000000005a7       0x22 /home/alexandre/st/stm32cubeide_1.3.0/plugins/com.st.stm32cube.ide.mcu.externaltools.gnu-tools-for-stm32.7-2018-q2-update.linux64_1.0.0.201904181610/tools/bin/../lib/gcc/arm-none-eabi/7.3.1/thumb/v7e-m/fpv4-sp/hard/crtn.o
OUTPUT(STM_LED.elf elf32-littlearm)

.debug_info     0x0000000000000000    0x139fb
 .debug_info    0x0000000000000000      0x782 Drivers/STM32F3xx_HAL_Driver/Src/stm32f3xx_hal.o
 .debug_info    0x0000000000000782      0xb7e Drivers/STM32F3xx_HAL_Driver/Src/stm32f3xx_hal_cortex.o
 .debug_info    0x0000000000001300      0x6fc Drivers/STM32F3xx_HAL_Driver/Src/stm32f3xx_hal_gpio.o
 .debug_info    0x00000000000019fc      0xe40 Drivers/STM32F3xx_HAL_Driver/Src/stm32f3xx_hal_pcd.o
 .debug_info    0x000000000000283c      0x77d Drivers/STM32F3xx_HAL_Driver/Src/stm32f3xx_hal_pcd_ex.o
 .debug_info    0x0000000000002fb9     0x180f Drivers/STM32F3xx_HAL_Driver/Src/stm32f3xx_hal_rcc.o
 .debug_info    0x00000000000047c8      0x66d Drivers/STM32F3xx_HAL_Driver/Src/stm32f3xx_hal_rcc_ex.o
 .debug_info    0x0000000000004e35     0x1592 Drivers/STM32F3xx_HAL_Driver/Src/stm32f3xx_hal_uart.o
 .debug_info    0x00000000000063c7     0x1515 Drivers/STM32F3xx_HAL_Driver/Src/stm32f3xx_ll_usb.o
 .debug_info    0x00000000000078dc     0x17ae Middlewares/ST/STM32_USB_Device_Library/Class/CDC/Src/usbd_cdc.o
 .debug_info    0x000000000000908a     0x11d5 Middlewares/ST/STM32_USB_Device_Library/Core/Src/usbd_core.o
 .debug_info    0x000000000000a25f     0x1145 Middlewares/ST/STM32_USB_Device_Library/Core/Src/usbd_ctlreq.o
 .debug_info    0x000000000000b3a4      0xf36 Middlewares/ST/STM32_USB_Device_Library/Core/Src/usbd_ioreq.o
 .debug_info    0x000000000000c2da     0x140e Src/main.o
 .debug_info    0x000000000000d6e8      0x90d Src/stm32f3xx_hal_msp.o
 .debug_info    0x000000000000dff5      0x69e Src/stm32f3xx_it.o
 .debug_info    0x000000000000e693      0x45c Src/system_stm32f3xx.o
 .debug_info    0x000000000000eaef      0xe7e Src/usb_device.o
 .debug_info    0x000000000000f96d     0x154f Src/usbd_cdc_if.o
 .debug_info    0x0000000000010ebc     0x1e03 Src/usbd_conf.o
 .debug_info    0x0000000000012cbf      0xd1a Src/usbd_desc.o
 .debug_info    0x00000000000139d9       0x22 Startup/startup_stm32f302r8tx.o

.debug_abbrev   0x0000000000000000     0x2d17
 .debug_abbrev  0x0000000000000000      0x1c7 Drivers/STM32F3xx_HAL_Driver/Src/stm32f3xx_hal.o
 .debug_abbrev  0x00000000000001c7      0x2d5 Drivers/STM32F3xx_HAL_Driver/Src/stm32f3xx_hal_cortex.o
 .debug_abbrev  0x000000000000049c      0x1c0 Drivers/STM32F3xx_HAL_Driver/Src/stm32f3xx_hal_gpio.o
 .debug_abbrev  0x000000000000065c      0x27d Drivers/STM32F3xx_HAL_Driver/Src/stm32f3xx_hal_pcd.o
 .debug_abbrev  0x00000000000008d9      0x188 Drivers/STM32F3xx_HAL_Driver/Src/stm32f3xx_hal_pcd_ex.o
 .debug_abbrev  0x0000000000000a61      0x28c Drivers/STM32F3xx_HAL_Driver/Src/stm32f3xx_hal_rcc.o
 .debug_abbrev  0x0000000000000ced      0x208 Drivers/STM32F3xx_HAL_Driver/Src/stm32f3xx_hal_rcc_ex.o
 .debug_abbrev  0x0000000000000ef5      0x205 Drivers/STM32F3xx_HAL_Driver/Src/stm32f3xx_hal_uart.o
 .debug_abbrev  0x00000000000010fa      0x239 Drivers/STM32F3xx_HAL_Driver/Src/stm32f3xx_ll_usb.o
 .debug_abbrev  0x0000000000001333      0x2b6 Middlewares/ST/STM32_USB_Device_Library/Class/CDC/Src/usbd_cdc.o
 .debug_abbrev  0x00000000000015e9      0x270 Middlewares/ST/STM32_USB_Device_Library/Core/Src/usbd_core.o
 .debug_abbrev  0x0000000000001859      0x2a0 Middlewares/ST/STM32_USB_Device_Library/Core/Src/usbd_ctlreq.o
 .debug_abbrev  0x0000000000001af9      0x1e0 Middlewares/ST/STM32_USB_Device_Library/Core/Src/usbd_ioreq.o
 .debug_abbrev  0x0000000000001cd9      0x265 Src/main.o
 .debug_abbrev  0x0000000000001f3e      0x18c Src/stm32f3xx_hal_msp.o
 .debug_abbrev  0x00000000000020ca      0x155 Src/stm32f3xx_it.o
 .debug_abbrev  0x000000000000221f      0x12b Src/system_stm32f3xx.o
 .debug_abbrev  0x000000000000234a      0x1be Src/usb_device.o
 .debug_abbrev  0x0000000000002508      0x292 Src/usbd_cdc_if.o
 .debug_abbrev  0x000000000000279a      0x2db Src/usbd_conf.o
 .debug_abbrev  0x0000000000002a75      0x290 Src/usbd_desc.o
 .debug_abbrev  0x0000000000002d05       0x12 Startup/startup_stm32f302r8tx.o

.debug_aranges  0x0000000000000000      0xc98
 .debug_aranges
                0x0000000000000000       0xe0 Drivers/STM32F3xx_HAL_Driver/Src/stm32f3xx_hal.o
 .debug_aranges
                0x00000000000000e0      0x100 Drivers/STM32F3xx_HAL_Driver/Src/stm32f3xx_hal_cortex.o
 .debug_aranges
                0x00000000000001e0       0x58 Drivers/STM32F3xx_HAL_Driver/Src/stm32f3xx_hal_gpio.o
 .debug_aranges
                0x0000000000000238      0x120 Drivers/STM32F3xx_HAL_Driver/Src/stm32f3xx_hal_pcd.o
 .debug_aranges
                0x0000000000000358       0x38 Drivers/STM32F3xx_HAL_Driver/Src/stm32f3xx_hal_pcd_ex.o
 .debug_aranges
                0x0000000000000390       0x88 Drivers/STM32F3xx_HAL_Driver/Src/stm32f3xx_hal_rcc.o
 .debug_aranges
                0x0000000000000418       0x38 Drivers/STM32F3xx_HAL_Driver/Src/stm32f3xx_hal_rcc_ex.o
 .debug_aranges
                0x0000000000000450      0x210 Drivers/STM32F3xx_HAL_Driver/Src/stm32f3xx_hal_uart.o
 .debug_aranges
                0x0000000000000660      0x108 Drivers/STM32F3xx_HAL_Driver/Src/stm32f3xx_ll_usb.o
 .debug_aranges
                0x0000000000000768       0x90 Middlewares/ST/STM32_USB_Device_Library/Class/CDC/Src/usbd_cdc.o
 .debug_aranges
                0x00000000000007f8       0xb8 Middlewares/ST/STM32_USB_Device_Library/Core/Src/usbd_core.o
 .debug_aranges
                0x00000000000008b0       0x88 Middlewares/ST/STM32_USB_Device_Library/Core/Src/usbd_ctlreq.o
 .debug_aranges
                0x0000000000000938       0x50 Middlewares/ST/STM32_USB_Device_Library/Core/Src/usbd_ioreq.o
 .debug_aranges
                0x0000000000000988       0x50 Src/main.o
 .debug_aranges
                0x00000000000009d8       0x30 Src/stm32f3xx_hal_msp.o
 .debug_aranges
                0x0000000000000a08       0x68 Src/stm32f3xx_it.o
 .debug_aranges
                0x0000000000000a70       0x28 Src/system_stm32f3xx.o
 .debug_aranges
                0x0000000000000a98       0x20 Src/usb_device.o
 .debug_aranges
                0x0000000000000ab8       0x40 Src/usbd_cdc_if.o
 .debug_aranges
                0x0000000000000af8      0x118 Src/usbd_conf.o
 .debug_aranges
                0x0000000000000c10       0x60 Src/usbd_desc.o
 .debug_aranges
                0x0000000000000c70       0x28 Startup/startup_stm32f302r8tx.o

.debug_ranges   0x0000000000000000      0xb40
 .debug_ranges  0x0000000000000000       0xd0 Drivers/STM32F3xx_HAL_Driver/Src/stm32f3xx_hal.o
 .debug_ranges  0x00000000000000d0       0xf0 Drivers/STM32F3xx_HAL_Driver/Src/stm32f3xx_hal_cortex.o
 .debug_ranges  0x00000000000001c0       0x48 Drivers/STM32F3xx_HAL_Driver/Src/stm32f3xx_hal_gpio.o
 .debug_ranges  0x0000000000000208      0x110 Drivers/STM32F3xx_HAL_Driver/Src/stm32f3xx_hal_pcd.o
 .debug_ranges  0x0000000000000318       0x28 Drivers/STM32F3xx_HAL_Driver/Src/stm32f3xx_hal_pcd_ex.o
 .debug_ranges  0x0000000000000340       0x78 Drivers/STM32F3xx_HAL_Driver/Src/stm32f3xx_hal_rcc.o
 .debug_ranges  0x00000000000003b8       0x28 Drivers/STM32F3xx_HAL_Driver/Src/stm32f3xx_hal_rcc_ex.o
 .debug_ranges  0x00000000000003e0      0x200 Drivers/STM32F3xx_HAL_Driver/Src/stm32f3xx_hal_uart.o
 .debug_ranges  0x00000000000005e0       0xf8 Drivers/STM32F3xx_HAL_Driver/Src/stm32f3xx_ll_usb.o
 .debug_ranges  0x00000000000006d8       0x80 Middlewares/ST/STM32_USB_Device_Library/Class/CDC/Src/usbd_cdc.o
 .debug_ranges  0x0000000000000758       0xa8 Middlewares/ST/STM32_USB_Device_Library/Core/Src/usbd_core.o
 .debug_ranges  0x0000000000000800       0x78 Middlewares/ST/STM32_USB_Device_Library/Core/Src/usbd_ctlreq.o
 .debug_ranges  0x0000000000000878       0x40 Middlewares/ST/STM32_USB_Device_Library/Core/Src/usbd_ioreq.o
 .debug_ranges  0x00000000000008b8       0x40 Src/main.o
 .debug_ranges  0x00000000000008f8       0x20 Src/stm32f3xx_hal_msp.o
 .debug_ranges  0x0000000000000918       0x58 Src/stm32f3xx_it.o
 .debug_ranges  0x0000000000000970       0x18 Src/system_stm32f3xx.o
 .debug_ranges  0x0000000000000988       0x10 Src/usb_device.o
 .debug_ranges  0x0000000000000998       0x30 Src/usbd_cdc_if.o
 .debug_ranges  0x00000000000009c8      0x108 Src/usbd_conf.o
 .debug_ranges  0x0000000000000ad0       0x50 Src/usbd_desc.o
 .debug_ranges  0x0000000000000b20       0x20 Startup/startup_stm32f302r8tx.o

.debug_macro    0x0000000000000000    0x1a9b0
 .debug_macro   0x0000000000000000      0x1f1 Drivers/STM32F3xx_HAL_Driver/Src/stm32f3xx_hal.o
 .debug_macro   0x00000000000001f1      0xa5a Drivers/STM32F3xx_HAL_Driver/Src/stm32f3xx_hal.o
 .debug_macro   0x0000000000000c4b      0x157 Drivers/STM32F3xx_HAL_Driver/Src/stm32f3xx_hal.o
 .debug_macro   0x0000000000000da2       0x2e Drivers/STM32F3xx_HAL_Driver/Src/stm32f3xx_hal.o
 .debug_macro   0x0000000000000dd0       0x28 Drivers/STM32F3xx_HAL_Driver/Src/stm32f3xx_hal.o
 .debug_macro   0x0000000000000df8       0x22 Drivers/STM32F3xx_HAL_Driver/Src/stm32f3xx_hal.o
 .debug_macro   0x0000000000000e1a       0x8e Drivers/STM32F3xx_HAL_Driver/Src/stm32f3xx_hal.o
 .debug_macro   0x0000000000000ea8       0x51 Drivers/STM32F3xx_HAL_Driver/Src/stm32f3xx_hal.o
 .debug_macro   0x0000000000000ef9       0xef Drivers/STM32F3xx_HAL_Driver/Src/stm32f3xx_hal.o
 .debug_macro   0x0000000000000fe8       0x6a Drivers/STM32F3xx_HAL_Driver/Src/stm32f3xx_hal.o
 .debug_macro   0x0000000000001052      0x1df Drivers/STM32F3xx_HAL_Driver/Src/stm32f3xx_hal.o
 .debug_macro   0x0000000000001231       0x1c Drivers/STM32F3xx_HAL_Driver/Src/stm32f3xx_hal.o
 .debug_macro   0x000000000000124d       0x22 Drivers/STM32F3xx_HAL_Driver/Src/stm32f3xx_hal.o
 .debug_macro   0x000000000000126f       0xdf Drivers/STM32F3xx_HAL_Driver/Src/stm32f3xx_hal.o
 .debug_macro   0x000000000000134e      0xf07 Drivers/STM32F3xx_HAL_Driver/Src/stm32f3xx_hal.o
 .debug_macro   0x0000000000002255    0x110e1 Drivers/STM32F3xx_HAL_Driver/Src/stm32f3xx_hal.o
 .debug_macro   0x0000000000013336       0x43 Drivers/STM32F3xx_HAL_Driver/Src/stm32f3xx_hal.o
 .debug_macro   0x0000000000013379      0x174 Drivers/STM32F3xx_HAL_Driver/Src/stm32f3xx_hal.o
 .debug_macro   0x00000000000134ed       0x53 Drivers/STM32F3xx_HAL_Driver/Src/stm32f3xx_hal.o
 .debug_macro   0x0000000000013540      0x8f9 Drivers/STM32F3xx_HAL_Driver/Src/stm32f3xx_hal.o
 .debug_macro   0x0000000000013e39      0x41b Drivers/STM32F3xx_HAL_Driver/Src/stm32f3xx_hal.o
 .debug_macro   0x0000000000014254      0x12f Drivers/STM32F3xx_HAL_Driver/Src/stm32f3xx_hal.o
 .debug_macro   0x0000000000014383      0x161 Drivers/STM32F3xx_HAL_Driver/Src/stm32f3xx_hal.o
 .debug_macro   0x00000000000144e4      0x1d5 Drivers/STM32F3xx_HAL_Driver/Src/stm32f3xx_hal.o
 .debug_macro   0x00000000000146b9      0x1bc Drivers/STM32F3xx_HAL_Driver/Src/stm32f3xx_hal.o
 .debug_macro   0x0000000000014875       0x34 Drivers/STM32F3xx_HAL_Driver/Src/stm32f3xx_hal.o
 .debug_macro   0x00000000000148a9       0x3c Drivers/STM32F3xx_HAL_Driver/Src/stm32f3xx_hal.o
 .debug_macro   0x00000000000148e5       0x57 Drivers/STM32F3xx_HAL_Driver/Src/stm32f3xx_hal.o
 .debug_macro   0x000000000001493c       0xc5 Drivers/STM32F3xx_HAL_Driver/Src/stm32f3xx_hal.o
 .debug_macro   0x0000000000014a01      0x19f Drivers/STM32F3xx_HAL_Driver/Src/stm32f3xx_hal.o
 .debug_macro   0x0000000000014ba0      0x22c Drivers/STM32F3xx_HAL_Driver/Src/stm32f3xx_hal.o
 .debug_macro   0x0000000000014dcc       0x58 Drivers/STM32F3xx_HAL_Driver/Src/stm32f3xx_hal.o
 .debug_macro   0x0000000000014e24       0xa5 Drivers/STM32F3xx_HAL_Driver/Src/stm32f3xx_hal.o
 .debug_macro   0x0000000000014ec9       0x65 Drivers/STM32F3xx_HAL_Driver/Src/stm32f3xx_hal.o
 .debug_macro   0x0000000000014f2e      0x249 Drivers/STM32F3xx_HAL_Driver/Src/stm32f3xx_hal.o
 .debug_macro   0x0000000000015177       0x81 Drivers/STM32F3xx_HAL_Driver/Src/stm32f3xx_hal.o
 .debug_macro   0x00000000000151f8       0xd3 Drivers/STM32F3xx_HAL_Driver/Src/stm32f3xx_hal.o
 .debug_macro   0x00000000000152cb      0x589 Drivers/STM32F3xx_HAL_Driver/Src/stm32f3xx_hal.o
 .debug_macro   0x0000000000015854       0x44 Drivers/STM32F3xx_HAL_Driver/Src/stm32f3xx_hal.o
 .debug_macro   0x0000000000015898      0x1f7 Drivers/STM32F3xx_HAL_Driver/Src/stm32f3xx_hal.o
 .debug_macro   0x0000000000015a8f      0x1cd Drivers/STM32F3xx_HAL_Driver/Src/stm32f3xx_hal_cortex.o
 .debug_macro   0x0000000000015c5c      0x205 Drivers/STM32F3xx_HAL_Driver/Src/stm32f3xx_hal_gpio.o
 .debug_macro   0x0000000000015e61      0x1d9 Drivers/STM32F3xx_HAL_Driver/Src/stm32f3xx_hal_pcd.o
 .debug_macro   0x000000000001603a      0x1cd Drivers/STM32F3xx_HAL_Driver/Src/stm32f3xx_hal_pcd_ex.o
 .debug_macro   0x0000000000016207      0x1f1 Drivers/STM32F3xx_HAL_Driver/Src/stm32f3xx_hal_rcc.o
 .debug_macro   0x00000000000163f8      0x1cd Drivers/STM32F3xx_HAL_Driver/Src/stm32f3xx_hal_rcc_ex.o
 .debug_macro   0x00000000000165c5      0x1ea Drivers/STM32F3xx_HAL_Driver/Src/stm32f3xx_hal_uart.o
 .debug_macro   0x00000000000167af      0x1cd Drivers/STM32F3xx_HAL_Driver/Src/stm32f3xx_ll_usb.o
 .debug_macro   0x000000000001697c      0x3e9 Middlewares/ST/STM32_USB_Device_Library/Class/CDC/Src/usbd_cdc.o
 .debug_macro   0x0000000000016d65       0x40 Middlewares/ST/STM32_USB_Device_Library/Class/CDC/Src/usbd_cdc.o
 .debug_macro   0x0000000000016da5       0x18 Middlewares/ST/STM32_USB_Device_Library/Class/CDC/Src/usbd_cdc.o
 .debug_macro   0x0000000000016dbd       0x94 Middlewares/ST/STM32_USB_Device_Library/Class/CDC/Src/usbd_cdc.o
 .debug_macro   0x0000000000016e51       0x3c Middlewares/ST/STM32_USB_Device_Library/Class/CDC/Src/usbd_cdc.o
 .debug_macro   0x0000000000016e8d       0x34 Middlewares/ST/STM32_USB_Device_Library/Class/CDC/Src/usbd_cdc.o
 .debug_macro   0x0000000000016ec1       0x16 Middlewares/ST/STM32_USB_Device_Library/Class/CDC/Src/usbd_cdc.o
 .debug_macro   0x0000000000016ed7       0x57 Middlewares/ST/STM32_USB_Device_Library/Class/CDC/Src/usbd_cdc.o
 .debug_macro   0x0000000000016f2e       0x97 Middlewares/ST/STM32_USB_Device_Library/Class/CDC/Src/usbd_cdc.o
 .debug_macro   0x0000000000016fc5      0x330 Middlewares/ST/STM32_USB_Device_Library/Class/CDC/Src/usbd_cdc.o
 .debug_macro   0x00000000000172f5       0xfd Middlewares/ST/STM32_USB_Device_Library/Class/CDC/Src/usbd_cdc.o
 .debug_macro   0x00000000000173f2       0x10 Middlewares/ST/STM32_USB_Device_Library/Class/CDC/Src/usbd_cdc.o
 .debug_macro   0x0000000000017402       0x52 Middlewares/ST/STM32_USB_Device_Library/Class/CDC/Src/usbd_cdc.o
 .debug_macro   0x0000000000017454       0x1f Middlewares/ST/STM32_USB_Device_Library/Class/CDC/Src/usbd_cdc.o
 .debug_macro   0x0000000000017473       0x43 Middlewares/ST/STM32_USB_Device_Library/Class/CDC/Src/usbd_cdc.o
 .debug_macro   0x00000000000174b6       0x20 Middlewares/ST/STM32_USB_Device_Library/Class/CDC/Src/usbd_cdc.o
 .debug_macro   0x00000000000174d6      0x1a3 Middlewares/ST/STM32_USB_Device_Library/Class/CDC/Src/usbd_cdc.o
 .debug_macro   0x0000000000017679       0x10 Middlewares/ST/STM32_USB_Device_Library/Class/CDC/Src/usbd_cdc.o
 .debug_macro   0x0000000000017689       0x1c Middlewares/ST/STM32_USB_Device_Library/Class/CDC/Src/usbd_cdc.o
 .debug_macro   0x00000000000176a5       0x52 Middlewares/ST/STM32_USB_Device_Library/Class/CDC/Src/usbd_cdc.o
 .debug_macro   0x00000000000176f7       0x40 Middlewares/ST/STM32_USB_Device_Library/Class/CDC/Src/usbd_cdc.o
 .debug_macro   0x0000000000017737       0x10 Middlewares/ST/STM32_USB_Device_Library/Class/CDC/Src/usbd_cdc.o
 .debug_macro   0x0000000000017747       0x40 Middlewares/ST/STM32_USB_Device_Library/Class/CDC/Src/usbd_cdc.o
 .debug_macro   0x0000000000017787       0xd7 Middlewares/ST/STM32_USB_Device_Library/Class/CDC/Src/usbd_cdc.o
 .debug_macro   0x000000000001785e       0x1c Middlewares/ST/STM32_USB_Device_Library/Class/CDC/Src/usbd_cdc.o
 .debug_macro   0x000000000001787a       0x3d Middlewares/ST/STM32_USB_Device_Library/Class/CDC/Src/usbd_cdc.o
 .debug_macro   0x00000000000178b7       0x16 Middlewares/ST/STM32_USB_Device_Library/Class/CDC/Src/usbd_cdc.o
 .debug_macro   0x00000000000178cd      0x145 Middlewares/ST/STM32_USB_Device_Library/Class/CDC/Src/usbd_cdc.o
 .debug_macro   0x0000000000017a12       0x16 Middlewares/ST/STM32_USB_Device_Library/Class/CDC/Src/usbd_cdc.o
 .debug_macro   0x0000000000017a28       0x35 Middlewares/ST/STM32_USB_Device_Library/Class/CDC/Src/usbd_cdc.o
 .debug_macro   0x0000000000017a5d       0x16 Middlewares/ST/STM32_USB_Device_Library/Class/CDC/Src/usbd_cdc.o
 .debug_macro   0x0000000000017a73       0x29 Middlewares/ST/STM32_USB_Device_Library/Class/CDC/Src/usbd_cdc.o
 .debug_macro   0x0000000000017a9c       0x16 Middlewares/ST/STM32_USB_Device_Library/Class/CDC/Src/usbd_cdc.o
 .debug_macro   0x0000000000017ab2       0x20 Middlewares/ST/STM32_USB_Device_Library/Class/CDC/Src/usbd_cdc.o
 .debug_macro   0x0000000000017ad2       0xd9 Middlewares/ST/STM32_USB_Device_Library/Class/CDC/Src/usbd_cdc.o
 .debug_macro   0x0000000000017bab       0x4d Middlewares/ST/STM32_USB_Device_Library/Class/CDC/Src/usbd_cdc.o
 .debug_macro   0x0000000000017bf8       0x58 Middlewares/ST/STM32_USB_Device_Library/Class/CDC/Src/usbd_cdc.o
 .debug_macro   0x0000000000017c50       0x59 Middlewares/ST/STM32_USB_Device_Library/Class/CDC/Src/usbd_cdc.o
 .debug_macro   0x0000000000017ca9      0x1c8 Middlewares/ST/STM32_USB_Device_Library/Class/CDC/Src/usbd_cdc.o
 .debug_macro   0x0000000000017e71       0x8f Middlewares/ST/STM32_USB_Device_Library/Class/CDC/Src/usbd_cdc.o
 .debug_macro   0x0000000000017f00      0x3d0 Middlewares/ST/STM32_USB_Device_Library/Core/Src/usbd_core.o
 .debug_macro   0x00000000000182d0      0x1ce Middlewares/ST/STM32_USB_Device_Library/Core/Src/usbd_core.o
 .debug_macro   0x000000000001849e      0x3da Middlewares/ST/STM32_USB_Device_Library/Core/Src/usbd_ctlreq.o
 .debug_macro   0x0000000000018878      0x3d6 Middlewares/ST/STM32_USB_Device_Library/Core/Src/usbd_ioreq.o
 .debug_macro   0x0000000000018c4e      0x3c2 Src/main.o
 .debug_macro   0x0000000000019010       0x46 Src/main.o
 .debug_macro   0x0000000000019056      0x32a Src/main.o
 .debug_macro   0x0000000000019380      0x1dc Src/stm32f3xx_hal_msp.o
 .debug_macro   0x000000000001955c      0x1e6 Src/stm32f3xx_it.o
 .debug_macro   0x0000000000019742      0x1d3 Src/system_stm32f3xx.o
 .debug_macro   0x0000000000019915      0x40a Src/usb_device.o
 .debug_macro   0x0000000000019d1f       0x5e Src/usb_device.o
 .debug_macro   0x0000000000019d7d       0x22 Src/usb_device.o
 .debug_macro   0x0000000000019d9f      0x3fb Src/usbd_cdc_if.o
 .debug_macro   0x000000000001a19a      0x3ed Src/usbd_conf.o
 .debug_macro   0x000000000001a587      0x40d Src/usbd_desc.o
 .debug_macro   0x000000000001a994       0x1c Src/usbd_desc.o

.debug_line     0x0000000000000000     0xd735
 .debug_line    0x0000000000000000      0x890 Drivers/STM32F3xx_HAL_Driver/Src/stm32f3xx_hal.o
 .debug_line    0x0000000000000890      0x967 Drivers/STM32F3xx_HAL_Driver/Src/stm32f3xx_hal_cortex.o
 .debug_line    0x00000000000011f7      0x831 Drivers/STM32F3xx_HAL_Driver/Src/stm32f3xx_hal_gpio.o
 .debug_line    0x0000000000001a28      0xb64 Drivers/STM32F3xx_HAL_Driver/Src/stm32f3xx_hal_pcd.o
 .debug_line    0x000000000000258c      0x701 Drivers/STM32F3xx_HAL_Driver/Src/stm32f3xx_hal_pcd_ex.o
 .debug_line    0x0000000000002c8d      0xe08 Drivers/STM32F3xx_HAL_Driver/Src/stm32f3xx_hal_rcc.o
 .debug_line    0x0000000000003a95      0x8fb Drivers/STM32F3xx_HAL_Driver/Src/stm32f3xx_hal_rcc_ex.o
 .debug_line    0x0000000000004390     0x1162 Drivers/STM32F3xx_HAL_Driver/Src/stm32f3xx_hal_uart.o
 .debug_line    0x00000000000054f2      0xb98 Drivers/STM32F3xx_HAL_Driver/Src/stm32f3xx_ll_usb.o
 .debug_line    0x000000000000608a      0xb59 Middlewares/ST/STM32_USB_Device_Library/Class/CDC/Src/usbd_cdc.o
 .debug_line    0x0000000000006be3      0xb94 Middlewares/ST/STM32_USB_Device_Library/Core/Src/usbd_core.o
 .debug_line    0x0000000000007777      0xc1d Middlewares/ST/STM32_USB_Device_Library/Core/Src/usbd_ctlreq.o
 .debug_line    0x0000000000008394      0x9fd Middlewares/ST/STM32_USB_Device_Library/Core/Src/usbd_ioreq.o
 .debug_line    0x0000000000008d91      0x9d9 Src/main.o
 .debug_line    0x000000000000976a      0x6e0 Src/stm32f3xx_hal_msp.o
 .debug_line    0x0000000000009e4a      0x766 Src/stm32f3xx_it.o
 .debug_line    0x000000000000a5b0      0x6ce Src/system_stm32f3xx.o
 .debug_line    0x000000000000ac7e      0x9d4 Src/usb_device.o
 .debug_line    0x000000000000b652      0xa1c Src/usbd_cdc_if.o
 .debug_line    0x000000000000c06e      0xc21 Src/usbd_conf.o
 .debug_line    0x000000000000cc8f      0xa26 Src/usbd_desc.o
 .debug_line    0x000000000000d6b5       0x80 Startup/startup_stm32f302r8tx.o

.debug_str      0x0000000000000000    0x88403
 .debug_str     0x0000000000000000    0x801af Drivers/STM32F3xx_HAL_Driver/Src/stm32f3xx_hal.o
                                      0x804a8 (size before relaxing)
 .debug_str     0x00000000000801af      0x326 Drivers/STM32F3xx_HAL_Driver/Src/stm32f3xx_hal_cortex.o
                                      0x80489 (size before relaxing)
 .debug_str     0x00000000000804d5      0x2ae Drivers/STM32F3xx_HAL_Driver/Src/stm32f3xx_hal_gpio.o
                                      0x8005f (size before relaxing)
 .debug_str     0x0000000000080783      0x68a Drivers/STM32F3xx_HAL_Driver/Src/stm32f3xx_hal_pcd.o
                                      0x80423 (size before relaxing)
 .debug_str     0x0000000000080e0d      0x18d Drivers/STM32F3xx_HAL_Driver/Src/stm32f3xx_hal_pcd_ex.o
                                      0x8020f (size before relaxing)
 .debug_str     0x0000000000080f9a      0x423 Drivers/STM32F3xx_HAL_Driver/Src/stm32f3xx_hal_rcc.o
                                      0x8025e (size before relaxing)
 .debug_str     0x00000000000813bd      0x204 Drivers/STM32F3xx_HAL_Driver/Src/stm32f3xx_hal_rcc_ex.o
                                      0x7fff7 (size before relaxing)
 .debug_str     0x00000000000815c1      0xb64 Drivers/STM32F3xx_HAL_Driver/Src/stm32f3xx_hal_uart.o
                                      0x809be (size before relaxing)
 .debug_str     0x0000000000082125      0x308 Drivers/STM32F3xx_HAL_Driver/Src/stm32f3xx_ll_usb.o
                                      0x80279 (size before relaxing)
 .debug_str     0x000000000008242d     0x54f6 Middlewares/ST/STM32_USB_Device_Library/Class/CDC/Src/usbd_cdc.o
                                      0x8568d (size before relaxing)
 .debug_str     0x0000000000087923      0x1b5 Middlewares/ST/STM32_USB_Device_Library/Core/Src/usbd_core.o
                                      0x84f90 (size before relaxing)
 .debug_str     0x0000000000087ad8      0x134 Middlewares/ST/STM32_USB_Device_Library/Core/Src/usbd_ctlreq.o
                                      0x84f16 (size before relaxing)
 .debug_str     0x0000000000087c0c       0xc9 Middlewares/ST/STM32_USB_Device_Library/Core/Src/usbd_ioreq.o
                                      0x84e9e (size before relaxing)
 .debug_str     0x0000000000087cd5       0x9f Src/main.o
                                      0x85170 (size before relaxing)
 .debug_str     0x0000000000087d74       0x1b Src/stm32f3xx_hal_msp.o
                                      0x802ff (size before relaxing)
 .debug_str     0x0000000000087d8f       0xc4 Src/stm32f3xx_it.o
                                      0x80246 (size before relaxing)
 .debug_str     0x0000000000087e53       0x64 Src/system_stm32f3xx.o
                                      0x7fdff (size before relaxing)
 .debug_str     0x0000000000087eb7       0xe1 Src/usb_device.o
                                      0x851ce (size before relaxing)
 .debug_str     0x0000000000087f98       0xa7 Src/usbd_cdc_if.o
                                      0x855fa (size before relaxing)
 .debug_str     0x000000000008803f      0x146 Src/usbd_conf.o
                                      0x85b32 (size before relaxing)
 .debug_str     0x0000000000088185      0x24d Src/usbd_desc.o
                                      0x84dfe (size before relaxing)
 .debug_str     0x00000000000883d2       0x31 Startup/startup_stm32f302r8tx.o
                                         0x62 (size before relaxing)

.comment        0x0000000000000000       0x7b
 .comment       0x0000000000000000       0x7b Drivers/STM32F3xx_HAL_Driver/Src/stm32f3xx_hal.o
                                         0x7c (size before relaxing)
 .comment       0x000000000000007b       0x7c Drivers/STM32F3xx_HAL_Driver/Src/stm32f3xx_hal_cortex.o
 .comment       0x000000000000007b       0x7c Drivers/STM32F3xx_HAL_Driver/Src/stm32f3xx_hal_gpio.o
 .comment       0x000000000000007b       0x7c Drivers/STM32F3xx_HAL_Driver/Src/stm32f3xx_hal_pcd.o
 .comment       0x000000000000007b       0x7c Drivers/STM32F3xx_HAL_Driver/Src/stm32f3xx_hal_pcd_ex.o
 .comment       0x000000000000007b       0x7c Drivers/STM32F3xx_HAL_Driver/Src/stm32f3xx_hal_rcc.o
 .comment       0x000000000000007b       0x7c Drivers/STM32F3xx_HAL_Driver/Src/stm32f3xx_hal_rcc_ex.o
 .comment       0x000000000000007b       0x7c Drivers/STM32F3xx_HAL_Driver/Src/stm32f3xx_hal_uart.o
 .comment       0x000000000000007b       0x7c Drivers/STM32F3xx_HAL_Driver/Src/stm32f3xx_ll_usb.o
 .comment       0x000000000000007b       0x7c Middlewares/ST/STM32_USB_Device_Library/Class/CDC/Src/usbd_cdc.o
 .comment       0x000000000000007b       0x7c Middlewares/ST/STM32_USB_Device_Library/Core/Src/usbd_core.o
 .comment       0x000000000000007b       0x7c Middlewares/ST/STM32_USB_Device_Library/Core/Src/usbd_ctlreq.o
 .comment       0x000000000000007b       0x7c Middlewares/ST/STM32_USB_Device_Library/Core/Src/usbd_ioreq.o
 .comment       0x000000000000007b       0x7c Src/main.o
 .comment       0x000000000000007b       0x7c Src/stm32f3xx_hal_msp.o
 .comment       0x000000000000007b       0x7c Src/stm32f3xx_it.o
 .comment       0x000000000000007b       0x7c Src/system_stm32f3xx.o
 .comment       0x000000000000007b       0x7c Src/usb_device.o
 .comment       0x000000000000007b       0x7c Src/usbd_cdc_if.o
 .comment       0x000000000000007b       0x7c Src/usbd_conf.o
 .comment       0x000000000000007b       0x7c Src/usbd_desc.o

.debug_frame    0x0000000000000000     0x3200
 .debug_frame   0x0000000000000000      0x334 Drivers/STM32F3xx_HAL_Driver/Src/stm32f3xx_hal.o
 .debug_frame   0x0000000000000334      0x428 Drivers/STM32F3xx_HAL_Driver/Src/stm32f3xx_hal_cortex.o
 .debug_frame   0x000000000000075c      0x14c Drivers/STM32F3xx_HAL_Driver/Src/stm32f3xx_hal_gpio.o
 .debug_frame   0x00000000000008a8      0x500 Drivers/STM32F3xx_HAL_Driver/Src/stm32f3xx_hal_pcd.o
 .debug_frame   0x0000000000000da8       0xb0 Drivers/STM32F3xx_HAL_Driver/Src/stm32f3xx_hal_pcd_ex.o
 .debug_frame   0x0000000000000e58      0x214 Drivers/STM32F3xx_HAL_Driver/Src/stm32f3xx_hal_rcc.o
 .debug_frame   0x000000000000106c       0xb4 Drivers/STM32F3xx_HAL_Driver/Src/stm32f3xx_hal_rcc_ex.o
 .debug_frame   0x0000000000001120      0x970 Drivers/STM32F3xx_HAL_Driver/Src/stm32f3xx_hal_uart.o
 .debug_frame   0x0000000000001a90      0x4d8 Drivers/STM32F3xx_HAL_Driver/Src/stm32f3xx_ll_usb.o
 .debug_frame   0x0000000000001f68      0x248 Middlewares/ST/STM32_USB_Device_Library/Class/CDC/Src/usbd_cdc.o
 .debug_frame   0x00000000000021b0      0x300 Middlewares/ST/STM32_USB_Device_Library/Core/Src/usbd_core.o
 .debug_frame   0x00000000000024b0      0x218 Middlewares/ST/STM32_USB_Device_Library/Core/Src/usbd_ctlreq.o
 .debug_frame   0x00000000000026c8      0x10c Middlewares/ST/STM32_USB_Device_Library/Core/Src/usbd_ioreq.o
 .debug_frame   0x00000000000027d4       0xf8 Src/main.o
 .debug_frame   0x00000000000028cc       0x7c Src/stm32f3xx_hal_msp.o
 .debug_frame   0x0000000000002948      0x128 Src/stm32f3xx_it.o
 .debug_frame   0x0000000000002a70       0x58 Src/system_stm32f3xx.o
 .debug_frame   0x0000000000002ac8       0x2c Src/usb_device.o
 .debug_frame   0x0000000000002af4       0xbc Src/usbd_cdc_if.o
 .debug_frame   0x0000000000002bb0      0x4a4 Src/usbd_conf.o
 .debug_frame   0x0000000000003054      0x160 Src/usbd_desc.o
 .debug_frame   0x00000000000031b4       0x2c /home/alexandre/st/stm32cubeide_1.3.0/plugins/com.st.stm32cube.ide.mcu.externaltools.gnu-tools-for-stm32.7-2018-q2-update.linux64_1.0.0.201904181610/tools/bin/../lib/gcc/arm-none-eabi/7.3.1/../../../../arm-none-eabi/lib/thumb/v7e-m/fpv4-sp/hard/libc_nano.a(lib_a-init.o)
 .debug_frame   0x00000000000031e0       0x20 /home/alexandre/st/stm32cubeide_1.3.0/plugins/com.st.stm32cube.ide.mcu.externaltools.gnu-tools-for-stm32.7-2018-q2-update.linux64_1.0.0.201904181610/tools/bin/../lib/gcc/arm-none-eabi/7.3.1/../../../../arm-none-eabi/lib/thumb/v7e-m/fpv4-sp/hard/libc_nano.a(lib_a-memset.o)
