13:27:52 **** Incremental Build of configuration Debug for project STM_LED ****
make -j4 all 
arm-none-eabi-gcc "../Src/main.c" -mcpu=cortex-m4 -std=gnu11 -g3 -DUSE_HAL_DRIVER -DSTM32F302x8 -DDEBUG -c -I../Inc -I../Drivers/CMSIS/Include -I../Drivers/STM32F3xx_HAL_Driver/Inc -I../Middlewares/ST/STM32_USB_Device_Library/Class/CDC/Inc -I../Drivers/STM32F3xx_HAL_Driver/Inc/Legacy -I../Middlewares/ST/STM32_USB_Device_Library/Core/Inc -I../Drivers/CMSIS/Device/ST/STM32F3xx/Include -O0 -ffunction-sections -fdata-sections -Wall -fstack-usage -MMD -MP -MF"Src/main.d" -MT"Src/main.o" --specs=nano.specs -mfpu=fpv4-sp-d16 -mfloat-abi=hard -mthumb -o "Src/main.o"
arm-none-eabi-gcc -o "STM_LED.elf" @"objects.list"   -mcpu=cortex-m4 -T"/home/alexandre/Bureau/LED_PROJECT/STM_LED/STM32F302R8TX_FLASH.ld" --specs=nosys.specs -Wl,-Map="STM_LED.map" -Wl,--gc-sections -static --specs=nano.specs -mfpu=fpv4-sp-d16 -mfloat-abi=hard -mthumb -Wl,--start-group -lc -lm -Wl,--end-group
Finished building target: STM_LED.elf
 
arm-none-eabi-objdump -h -S  STM_LED.elf  > "STM_LED.list"
arm-none-eabi-objcopy  -O binary  STM_LED.elf  "STM_LED.bin"
arm-none-eabi-size   STM_LED.elf 
   text	   data	    bss	    dec	    hex	filename
  27248	    388	   7628	  35264	   89c0	STM_LED.elf
Finished building: default.size.stdout
Finished building: STM_LED.bin
 
 
Finished building: STM_LED.list
 
13:45:20 **** Incremental Build of configuration Debug for project STM_LED ****
make -j4 all 
arm-none-eabi-size   STM_LED.elf 
   text	   data	    bss	    dec	    hex	filename
  27248	    388	   7628	  35264	   89c0	STM_LED.elf
Finished building: default.size.stdout
 
